11:34:59 **** Clean-only build of configuration Debug for project app_demo ****
make clean 
rm -rf  ./src/Bsp/libwrap/sys/_exit.o ./src/Bsp/libwrap/sys/close.o ./src/Bsp/libwrap/sys/execve.o ./src/Bsp/libwrap/sys/fork.o ./src/Bsp/libwrap/sys/fstat.o ./src/Bsp/libwrap/sys/getpid.o ./src/Bsp/libwrap/sys/isatty.o ./src/Bsp/libwrap/sys/kill.o ./src/Bsp/libwrap/sys/link.o ./src/Bsp/libwrap/sys/lseek.o ./src/Bsp/libwrap/sys/open.o ./src/Bsp/libwrap/sys/openat.o ./src/Bsp/libwrap/sys/read.o ./src/Bsp/libwrap/sys/sbrk.o ./src/Bsp/libwrap/sys/stat.o ./src/Bsp/libwrap/sys/times.o ./src/Bsp/libwrap/sys/unlink.o ./src/Bsp/libwrap/sys/wait.o ./src/Bsp/libwrap/sys/write.o  ./src/Bsp/libwrap/stdlib/malloc.o  ./src/Bsp/libwrap/misc/write_hex.o  ./src/Bsp/Driver/hme_gpio.o ./src/Bsp/Driver/hme_iic.o ./src/Bsp/Driver/hme_plic.o ./src/Bsp/Driver/hme_spi.o ./src/Bsp/Driver/hme_timer.o ./src/Bsp/Driver/hme_uart.o ./src/Bsp/Driver/spi_flash.o ./src/Bsp/Driver/system.o  ./src/Bsp/Core/start.o ./src/Bsp/Core/trap.o ./src/Bsp/Core/trap_handle.o  ./src/main.o  app_demo.hex  app_demo.lst  app_demo.siz  ./src/Bsp/Core/start.d ./src/Bsp/Core/trap.d  ./src/Bsp/libwrap/sys/_exit.d ./src/Bsp/libwrap/sys/close.d ./src/Bsp/libwrap/sys/execve.d ./src/Bsp/libwrap/sys/fork.d ./src/Bsp/libwrap/sys/fstat.d ./src/Bsp/libwrap/sys/getpid.d ./src/Bsp/libwrap/sys/isatty.d ./src/Bsp/libwrap/sys/kill.d ./src/Bsp/libwrap/sys/link.d ./src/Bsp/libwrap/sys/lseek.d ./src/Bsp/libwrap/sys/open.d ./src/Bsp/libwrap/sys/openat.d ./src/Bsp/libwrap/sys/read.d ./src/Bsp/libwrap/sys/sbrk.d ./src/Bsp/libwrap/sys/stat.d ./src/Bsp/libwrap/sys/times.d ./src/Bsp/libwrap/sys/unlink.d ./src/Bsp/libwrap/sys/wait.d ./src/Bsp/libwrap/sys/write.d  ./src/Bsp/libwrap/stdlib/malloc.d  ./src/Bsp/libwrap/misc/write_hex.d  ./src/Bsp/Driver/hme_gpio.d ./src/Bsp/Driver/hme_iic.d ./src/Bsp/Driver/hme_plic.d ./src/Bsp/Driver/hme_spi.d ./src/Bsp/Driver/hme_timer.d ./src/Bsp/Driver/hme_uart.d ./src/Bsp/Driver/spi_flash.d ./src/Bsp/Driver/system.d  ./src/Bsp/Core/trap_handle.d  ./src/main.d  app_demo.elf
 
11:36:29 **** Build of configuration Debug for project app_demo ****
make all 
Building file: ../src/Bsp/libwrap/sys/_exit.c
Invoking: GNU RISC-V Cross C Compiler
riscv-none-embed-gcc -march=rv32im -mabi=ilp32 -mcmodel=medlow -msmall-data-limit=8 -mno-save-restore -O0 -fmessage-length=0 -fsigned-char -ffunction-sections -fdata-sections -fno-common  -g -DUSE_FULL_ASSERT -I"D:\CreateIC\01_CPIPC\riscv\HME_RISCV_DEMO\VexRiscv_Prj\Firmware\app_prj\app_demo\src\Bsp\Core" -I"D:\CreateIC\01_CPIPC\riscv\HME_RISCV_DEMO\VexRiscv_Prj\Firmware\app_prj\app_demo\src\Bsp\libwrap\sys" -I"D:\CreateIC\01_CPIPC\riscv\HME_RISCV_DEMO\VexRiscv_Prj\Firmware\app_prj\app_demo\src\Bsp\libwrap\stdlib" -I"D:\CreateIC\01_CPIPC\riscv\HME_RISCV_DEMO\VexRiscv_Prj\Firmware\app_prj\app_demo\src\Bsp\libwrap\misc" -I"D:\CreateIC\01_CPIPC\riscv\HME_RISCV_DEMO\VexRiscv_Prj\Firmware\app_prj\app_demo\src\Bsp\Driver" -std=gnu11 -MMD -MP -MF"src/Bsp/libwrap/sys/_exit.d" -MT"src/Bsp/libwrap/sys/_exit.o" -c -o "src/Bsp/libwrap/sys/_exit.o" "../src/Bsp/libwrap/sys/_exit.c"
../src/Bsp/libwrap/sys/_exit.c: In function '_exit':
../src/Bsp/libwrap/sys/_exit.c:9:3: warning: implicit declaration of function 'write_hex'; did you mean 'write'? [-Wimplicit-function-declaration]
   write_hex(STDERR_FILENO, code);
   ^~~~~~~~~
   write
Finished building: ../src/Bsp/libwrap/sys/_exit.c
 
Building file: ../src/Bsp/libwrap/sys/close.c
Invoking: GNU RISC-V Cross C Compiler
riscv-none-embed-gcc -march=rv32im -mabi=ilp32 -mcmodel=medlow -msmall-data-limit=8 -mno-save-restore -O0 -fmessage-length=0 -fsigned-char -ffunction-sections -fdata-sections -fno-common  -g -DUSE_FULL_ASSERT -I"D:\CreateIC\01_CPIPC\riscv\HME_RISCV_DEMO\VexRiscv_Prj\Firmware\app_prj\app_demo\src\Bsp\Core" -I"D:\CreateIC\01_CPIPC\riscv\HME_RISCV_DEMO\VexRiscv_Prj\Firmware\app_prj\app_demo\src\Bsp\libwrap\sys" -I"D:\CreateIC\01_CPIPC\riscv\HME_RISCV_DEMO\VexRiscv_Prj\Firmware\app_prj\app_demo\src\Bsp\libwrap\stdlib" -I"D:\CreateIC\01_CPIPC\riscv\HME_RISCV_DEMO\VexRiscv_Prj\Firmware\app_prj\app_demo\src\Bsp\libwrap\misc" -I"D:\CreateIC\01_CPIPC\riscv\HME_RISCV_DEMO\VexRiscv_Prj\Firmware\app_prj\app_demo\src\Bsp\Driver" -std=gnu11 -MMD -MP -MF"src/Bsp/libwrap/sys/close.d" -MT"src/Bsp/libwrap/sys/close.o" -c -o "src/Bsp/libwrap/sys/close.o" "../src/Bsp/libwrap/sys/close.c"
Finished building: ../src/Bsp/libwrap/sys/close.c
 
Building file: ../src/Bsp/libwrap/sys/execve.c
Invoking: GNU RISC-V Cross C Compiler
riscv-none-embed-gcc -march=rv32im -mabi=ilp32 -mcmodel=medlow -msmall-data-limit=8 -mno-save-restore -O0 -fmessage-length=0 -fsigned-char -ffunction-sections -fdata-sections -fno-common  -g -DUSE_FULL_ASSERT -I"D:\CreateIC\01_CPIPC\riscv\HME_RISCV_DEMO\VexRiscv_Prj\Firmware\app_prj\app_demo\src\Bsp\Core" -I"D:\CreateIC\01_CPIPC\riscv\HME_RISCV_DEMO\VexRiscv_Prj\Firmware\app_prj\app_demo\src\Bsp\libwrap\sys" -I"D:\CreateIC\01_CPIPC\riscv\HME_RISCV_DEMO\VexRiscv_Prj\Firmware\app_prj\app_demo\src\Bsp\libwrap\stdlib" -I"D:\CreateIC\01_CPIPC\riscv\HME_RISCV_DEMO\VexRiscv_Prj\Firmware\app_prj\app_demo\src\Bsp\libwrap\misc" -I"D:\CreateIC\01_CPIPC\riscv\HME_RISCV_DEMO\VexRiscv_Prj\Firmware\app_prj\app_demo\src\Bsp\Driver" -std=gnu11 -MMD -MP -MF"src/Bsp/libwrap/sys/execve.d" -MT"src/Bsp/libwrap/sys/execve.o" -c -o "src/Bsp/libwrap/sys/execve.o" "../src/Bsp/libwrap/sys/execve.c"
Finished building: ../src/Bsp/libwrap/sys/execve.c
 
Building file: ../src/Bsp/libwrap/sys/fork.c
Invoking: GNU RISC-V Cross C Compiler
riscv-none-embed-gcc -march=rv32im -mabi=ilp32 -mcmodel=medlow -msmall-data-limit=8 -mno-save-restore -O0 -fmessage-length=0 -fsigned-char -ffunction-sections -fdata-sections -fno-common  -g -DUSE_FULL_ASSERT -I"D:\CreateIC\01_CPIPC\riscv\HME_RISCV_DEMO\VexRiscv_Prj\Firmware\app_prj\app_demo\src\Bsp\Core" -I"D:\CreateIC\01_CPIPC\riscv\HME_RISCV_DEMO\VexRiscv_Prj\Firmware\app_prj\app_demo\src\Bsp\libwrap\sys" -I"D:\CreateIC\01_CPIPC\riscv\HME_RISCV_DEMO\VexRiscv_Prj\Firmware\app_prj\app_demo\src\Bsp\libwrap\stdlib" -I"D:\CreateIC\01_CPIPC\riscv\HME_RISCV_DEMO\VexRiscv_Prj\Firmware\app_prj\app_demo\src\Bsp\libwrap\misc" -I"D:\CreateIC\01_CPIPC\riscv\HME_RISCV_DEMO\VexRiscv_Prj\Firmware\app_prj\app_demo\src\Bsp\Driver" -std=gnu11 -MMD -MP -MF"src/Bsp/libwrap/sys/fork.d" -MT"src/Bsp/libwrap/sys/fork.o" -c -o "src/Bsp/libwrap/sys/fork.o" "../src/Bsp/libwrap/sys/fork.c"
Finished building: ../src/Bsp/libwrap/sys/fork.c
 
Building file: ../src/Bsp/libwrap/sys/fstat.c
Invoking: GNU RISC-V Cross C Compiler
riscv-none-embed-gcc -march=rv32im -mabi=ilp32 -mcmodel=medlow -msmall-data-limit=8 -mno-save-restore -O0 -fmessage-length=0 -fsigned-char -ffunction-sections -fdata-sections -fno-common  -g -DUSE_FULL_ASSERT -I"D:\CreateIC\01_CPIPC\riscv\HME_RISCV_DEMO\VexRiscv_Prj\Firmware\app_prj\app_demo\src\Bsp\Core" -I"D:\CreateIC\01_CPIPC\riscv\HME_RISCV_DEMO\VexRiscv_Prj\Firmware\app_prj\app_demo\src\Bsp\libwrap\sys" -I"D:\CreateIC\01_CPIPC\riscv\HME_RISCV_DEMO\VexRiscv_Prj\Firmware\app_prj\app_demo\src\Bsp\libwrap\stdlib" -I"D:\CreateIC\01_CPIPC\riscv\HME_RISCV_DEMO\VexRiscv_Prj\Firmware\app_prj\app_demo\src\Bsp\libwrap\misc" -I"D:\CreateIC\01_CPIPC\riscv\HME_RISCV_DEMO\VexRiscv_Prj\Firmware\app_prj\app_demo\src\Bsp\Driver" -std=gnu11 -MMD -MP -MF"src/Bsp/libwrap/sys/fstat.d" -MT"src/Bsp/libwrap/sys/fstat.o" -c -o "src/Bsp/libwrap/sys/fstat.o" "../src/Bsp/libwrap/sys/fstat.c"
Finished building: ../src/Bsp/libwrap/sys/fstat.c
 
Building file: ../src/Bsp/libwrap/sys/getpid.c
Invoking: GNU RISC-V Cross C Compiler
riscv-none-embed-gcc -march=rv32im -mabi=ilp32 -mcmodel=medlow -msmall-data-limit=8 -mno-save-restore -O0 -fmessage-length=0 -fsigned-char -ffunction-sections -fdata-sections -fno-common  -g -DUSE_FULL_ASSERT -I"D:\CreateIC\01_CPIPC\riscv\HME_RISCV_DEMO\VexRiscv_Prj\Firmware\app_prj\app_demo\src\Bsp\Core" -I"D:\CreateIC\01_CPIPC\riscv\HME_RISCV_DEMO\VexRiscv_Prj\Firmware\app_prj\app_demo\src\Bsp\libwrap\sys" -I"D:\CreateIC\01_CPIPC\riscv\HME_RISCV_DEMO\VexRiscv_Prj\Firmware\app_prj\app_demo\src\Bsp\libwrap\stdlib" -I"D:\CreateIC\01_CPIPC\riscv\HME_RISCV_DEMO\VexRiscv_Prj\Firmware\app_prj\app_demo\src\Bsp\libwrap\misc" -I"D:\CreateIC\01_CPIPC\riscv\HME_RISCV_DEMO\VexRiscv_Prj\Firmware\app_prj\app_demo\src\Bsp\Driver" -std=gnu11 -MMD -MP -MF"src/Bsp/libwrap/sys/getpid.d" -MT"src/Bsp/libwrap/sys/getpid.o" -c -o "src/Bsp/libwrap/sys/getpid.o" "../src/Bsp/libwrap/sys/getpid.c"
Finished building: ../src/Bsp/libwrap/sys/getpid.c
 
Building file: ../src/Bsp/libwrap/sys/isatty.c
Invoking: GNU RISC-V Cross C Compiler
riscv-none-embed-gcc -march=rv32im -mabi=ilp32 -mcmodel=medlow -msmall-data-limit=8 -mno-save-restore -O0 -fmessage-length=0 -fsigned-char -ffunction-sections -fdata-sections -fno-common  -g -DUSE_FULL_ASSERT -I"D:\CreateIC\01_CPIPC\riscv\HME_RISCV_DEMO\VexRiscv_Prj\Firmware\app_prj\app_demo\src\Bsp\Core" -I"D:\CreateIC\01_CPIPC\riscv\HME_RISCV_DEMO\VexRiscv_Prj\Firmware\app_prj\app_demo\src\Bsp\libwrap\sys" -I"D:\CreateIC\01_CPIPC\riscv\HME_RISCV_DEMO\VexRiscv_Prj\Firmware\app_prj\app_demo\src\Bsp\libwrap\stdlib" -I"D:\CreateIC\01_CPIPC\riscv\HME_RISCV_DEMO\VexRiscv_Prj\Firmware\app_prj\app_demo\src\Bsp\libwrap\misc" -I"D:\CreateIC\01_CPIPC\riscv\HME_RISCV_DEMO\VexRiscv_Prj\Firmware\app_prj\app_demo\src\Bsp\Driver" -std=gnu11 -MMD -MP -MF"src/Bsp/libwrap/sys/isatty.d" -MT"src/Bsp/libwrap/sys/isatty.o" -c -o "src/Bsp/libwrap/sys/isatty.o" "../src/Bsp/libwrap/sys/isatty.c"
Finished building: ../src/Bsp/libwrap/sys/isatty.c
 
Building file: ../src/Bsp/libwrap/sys/kill.c
Invoking: GNU RISC-V Cross C Compiler
riscv-none-embed-gcc -march=rv32im -mabi=ilp32 -mcmodel=medlow -msmall-data-limit=8 -mno-save-restore -O0 -fmessage-length=0 -fsigned-char -ffunction-sections -fdata-sections -fno-common  -g -DUSE_FULL_ASSERT -I"D:\CreateIC\01_CPIPC\riscv\HME_RISCV_DEMO\VexRiscv_Prj\Firmware\app_prj\app_demo\src\Bsp\Core" -I"D:\CreateIC\01_CPIPC\riscv\HME_RISCV_DEMO\VexRiscv_Prj\Firmware\app_prj\app_demo\src\Bsp\libwrap\sys" -I"D:\CreateIC\01_CPIPC\riscv\HME_RISCV_DEMO\VexRiscv_Prj\Firmware\app_prj\app_demo\src\Bsp\libwrap\stdlib" -I"D:\CreateIC\01_CPIPC\riscv\HME_RISCV_DEMO\VexRiscv_Prj\Firmware\app_prj\app_demo\src\Bsp\libwrap\misc" -I"D:\CreateIC\01_CPIPC\riscv\HME_RISCV_DEMO\VexRiscv_Prj\Firmware\app_prj\app_demo\src\Bsp\Driver" -std=gnu11 -MMD -MP -MF"src/Bsp/libwrap/sys/kill.d" -MT"src/Bsp/libwrap/sys/kill.o" -c -o "src/Bsp/libwrap/sys/kill.o" "../src/Bsp/libwrap/sys/kill.c"
Finished building: ../src/Bsp/libwrap/sys/kill.c
 
Building file: ../src/Bsp/libwrap/sys/link.c
Invoking: GNU RISC-V Cross C Compiler
riscv-none-embed-gcc -march=rv32im -mabi=ilp32 -mcmodel=medlow -msmall-data-limit=8 -mno-save-restore -O0 -fmessage-length=0 -fsigned-char -ffunction-sections -fdata-sections -fno-common  -g -DUSE_FULL_ASSERT -I"D:\CreateIC\01_CPIPC\riscv\HME_RISCV_DEMO\VexRiscv_Prj\Firmware\app_prj\app_demo\src\Bsp\Core" -I"D:\CreateIC\01_CPIPC\riscv\HME_RISCV_DEMO\VexRiscv_Prj\Firmware\app_prj\app_demo\src\Bsp\libwrap\sys" -I"D:\CreateIC\01_CPIPC\riscv\HME_RISCV_DEMO\VexRiscv_Prj\Firmware\app_prj\app_demo\src\Bsp\libwrap\stdlib" -I"D:\CreateIC\01_CPIPC\riscv\HME_RISCV_DEMO\VexRiscv_Prj\Firmware\app_prj\app_demo\src\Bsp\libwrap\misc" -I"D:\CreateIC\01_CPIPC\riscv\HME_RISCV_DEMO\VexRiscv_Prj\Firmware\app_prj\app_demo\src\Bsp\Driver" -std=gnu11 -MMD -MP -MF"src/Bsp/libwrap/sys/link.d" -MT"src/Bsp/libwrap/sys/link.o" -c -o "src/Bsp/libwrap/sys/link.o" "../src/Bsp/libwrap/sys/link.c"
Finished building: ../src/Bsp/libwrap/sys/link.c
 
Building file: ../src/Bsp/libwrap/sys/lseek.c
Invoking: GNU RISC-V Cross C Compiler
riscv-none-embed-gcc -march=rv32im -mabi=ilp32 -mcmodel=medlow -msmall-data-limit=8 -mno-save-restore -O0 -fmessage-length=0 -fsigned-char -ffunction-sections -fdata-sections -fno-common  -g -DUSE_FULL_ASSERT -I"D:\CreateIC\01_CPIPC\riscv\HME_RISCV_DEMO\VexRiscv_Prj\Firmware\app_prj\app_demo\src\Bsp\Core" -I"D:\CreateIC\01_CPIPC\riscv\HME_RISCV_DEMO\VexRiscv_Prj\Firmware\app_prj\app_demo\src\Bsp\libwrap\sys" -I"D:\CreateIC\01_CPIPC\riscv\HME_RISCV_DEMO\VexRiscv_Prj\Firmware\app_prj\app_demo\src\Bsp\libwrap\stdlib" -I"D:\CreateIC\01_CPIPC\riscv\HME_RISCV_DEMO\VexRiscv_Prj\Firmware\app_prj\app_demo\src\Bsp\libwrap\misc" -I"D:\CreateIC\01_CPIPC\riscv\HME_RISCV_DEMO\VexRiscv_Prj\Firmware\app_prj\app_demo\src\Bsp\Driver" -std=gnu11 -MMD -MP -MF"src/Bsp/libwrap/sys/lseek.d" -MT"src/Bsp/libwrap/sys/lseek.o" -c -o "src/Bsp/libwrap/sys/lseek.o" "../src/Bsp/libwrap/sys/lseek.c"
Finished building: ../src/Bsp/libwrap/sys/lseek.c
 
Building file: ../src/Bsp/libwrap/sys/open.c
Invoking: GNU RISC-V Cross C Compiler
riscv-none-embed-gcc -march=rv32im -mabi=ilp32 -mcmodel=medlow -msmall-data-limit=8 -mno-save-restore -O0 -fmessage-length=0 -fsigned-char -ffunction-sections -fdata-sections -fno-common  -g -DUSE_FULL_ASSERT -I"D:\CreateIC\01_CPIPC\riscv\HME_RISCV_DEMO\VexRiscv_Prj\Firmware\app_prj\app_demo\src\Bsp\Core" -I"D:\CreateIC\01_CPIPC\riscv\HME_RISCV_DEMO\VexRiscv_Prj\Firmware\app_prj\app_demo\src\Bsp\libwrap\sys" -I"D:\CreateIC\01_CPIPC\riscv\HME_RISCV_DEMO\VexRiscv_Prj\Firmware\app_prj\app_demo\src\Bsp\libwrap\stdlib" -I"D:\CreateIC\01_CPIPC\riscv\HME_RISCV_DEMO\VexRiscv_Prj\Firmware\app_prj\app_demo\src\Bsp\libwrap\misc" -I"D:\CreateIC\01_CPIPC\riscv\HME_RISCV_DEMO\VexRiscv_Prj\Firmware\app_prj\app_demo\src\Bsp\Driver" -std=gnu11 -MMD -MP -MF"src/Bsp/libwrap/sys/open.d" -MT"src/Bsp/libwrap/sys/open.o" -c -o "src/Bsp/libwrap/sys/open.o" "../src/Bsp/libwrap/sys/open.c"
Finished building: ../src/Bsp/libwrap/sys/open.c
 
Building file: ../src/Bsp/libwrap/sys/openat.c
Invoking: GNU RISC-V Cross C Compiler
riscv-none-embed-gcc -march=rv32im -mabi=ilp32 -mcmodel=medlow -msmall-data-limit=8 -mno-save-restore -O0 -fmessage-length=0 -fsigned-char -ffunction-sections -fdata-sections -fno-common  -g -DUSE_FULL_ASSERT -I"D:\CreateIC\01_CPIPC\riscv\HME_RISCV_DEMO\VexRiscv_Prj\Firmware\app_prj\app_demo\src\Bsp\Core" -I"D:\CreateIC\01_CPIPC\riscv\HME_RISCV_DEMO\VexRiscv_Prj\Firmware\app_prj\app_demo\src\Bsp\libwrap\sys" -I"D:\CreateIC\01_CPIPC\riscv\HME_RISCV_DEMO\VexRiscv_Prj\Firmware\app_prj\app_demo\src\Bsp\libwrap\stdlib" -I"D:\CreateIC\01_CPIPC\riscv\HME_RISCV_DEMO\VexRiscv_Prj\Firmware\app_prj\app_demo\src\Bsp\libwrap\misc" -I"D:\CreateIC\01_CPIPC\riscv\HME_RISCV_DEMO\VexRiscv_Prj\Firmware\app_prj\app_demo\src\Bsp\Driver" -std=gnu11 -MMD -MP -MF"src/Bsp/libwrap/sys/openat.d" -MT"src/Bsp/libwrap/sys/openat.o" -c -o "src/Bsp/libwrap/sys/openat.o" "../src/Bsp/libwrap/sys/openat.c"
Finished building: ../src/Bsp/libwrap/sys/openat.c
 
Building file: ../src/Bsp/libwrap/sys/read.c
Invoking: GNU RISC-V Cross C Compiler
riscv-none-embed-gcc -march=rv32im -mabi=ilp32 -mcmodel=medlow -msmall-data-limit=8 -mno-save-restore -O0 -fmessage-length=0 -fsigned-char -ffunction-sections -fdata-sections -fno-common  -g -DUSE_FULL_ASSERT -I"D:\CreateIC\01_CPIPC\riscv\HME_RISCV_DEMO\VexRiscv_Prj\Firmware\app_prj\app_demo\src\Bsp\Core" -I"D:\CreateIC\01_CPIPC\riscv\HME_RISCV_DEMO\VexRiscv_Prj\Firmware\app_prj\app_demo\src\Bsp\libwrap\sys" -I"D:\CreateIC\01_CPIPC\riscv\HME_RISCV_DEMO\VexRiscv_Prj\Firmware\app_prj\app_demo\src\Bsp\libwrap\stdlib" -I"D:\CreateIC\01_CPIPC\riscv\HME_RISCV_DEMO\VexRiscv_Prj\Firmware\app_prj\app_demo\src\Bsp\libwrap\misc" -I"D:\CreateIC\01_CPIPC\riscv\HME_RISCV_DEMO\VexRiscv_Prj\Firmware\app_prj\app_demo\src\Bsp\Driver" -std=gnu11 -MMD -MP -MF"src/Bsp/libwrap/sys/read.d" -MT"src/Bsp/libwrap/sys/read.o" -c -o "src/Bsp/libwrap/sys/read.o" "../src/Bsp/libwrap/sys/read.c"
Finished building: ../src/Bsp/libwrap/sys/read.c
 
Building file: ../src/Bsp/libwrap/sys/sbrk.c
Invoking: GNU RISC-V Cross C Compiler
riscv-none-embed-gcc -march=rv32im -mabi=ilp32 -mcmodel=medlow -msmall-data-limit=8 -mno-save-restore -O0 -fmessage-length=0 -fsigned-char -ffunction-sections -fdata-sections -fno-common  -g -DUSE_FULL_ASSERT -I"D:\CreateIC\01_CPIPC\riscv\HME_RISCV_DEMO\VexRiscv_Prj\Firmware\app_prj\app_demo\src\Bsp\Core" -I"D:\CreateIC\01_CPIPC\riscv\HME_RISCV_DEMO\VexRiscv_Prj\Firmware\app_prj\app_demo\src\Bsp\libwrap\sys" -I"D:\CreateIC\01_CPIPC\riscv\HME_RISCV_DEMO\VexRiscv_Prj\Firmware\app_prj\app_demo\src\Bsp\libwrap\stdlib" -I"D:\CreateIC\01_CPIPC\riscv\HME_RISCV_DEMO\VexRiscv_Prj\Firmware\app_prj\app_demo\src\Bsp\libwrap\misc" -I"D:\CreateIC\01_CPIPC\riscv\HME_RISCV_DEMO\VexRiscv_Prj\Firmware\app_prj\app_demo\src\Bsp\Driver" -std=gnu11 -MMD -MP -MF"src/Bsp/libwrap/sys/sbrk.d" -MT"src/Bsp/libwrap/sys/sbrk.o" -c -o "src/Bsp/libwrap/sys/sbrk.o" "../src/Bsp/libwrap/sys/sbrk.c"
Finished building: ../src/Bsp/libwrap/sys/sbrk.c
 
Building file: ../src/Bsp/libwrap/sys/stat.c
Invoking: GNU RISC-V Cross C Compiler
riscv-none-embed-gcc -march=rv32im -mabi=ilp32 -mcmodel=medlow -msmall-data-limit=8 -mno-save-restore -O0 -fmessage-length=0 -fsigned-char -ffunction-sections -fdata-sections -fno-common  -g -DUSE_FULL_ASSERT -I"D:\CreateIC\01_CPIPC\riscv\HME_RISCV_DEMO\VexRiscv_Prj\Firmware\app_prj\app_demo\src\Bsp\Core" -I"D:\CreateIC\01_CPIPC\riscv\HME_RISCV_DEMO\VexRiscv_Prj\Firmware\app_prj\app_demo\src\Bsp\libwrap\sys" -I"D:\CreateIC\01_CPIPC\riscv\HME_RISCV_DEMO\VexRiscv_Prj\Firmware\app_prj\app_demo\src\Bsp\libwrap\stdlib" -I"D:\CreateIC\01_CPIPC\riscv\HME_RISCV_DEMO\VexRiscv_Prj\Firmware\app_prj\app_demo\src\Bsp\libwrap\misc" -I"D:\CreateIC\01_CPIPC\riscv\HME_RISCV_DEMO\VexRiscv_Prj\Firmware\app_prj\app_demo\src\Bsp\Driver" -std=gnu11 -MMD -MP -MF"src/Bsp/libwrap/sys/stat.d" -MT"src/Bsp/libwrap/sys/stat.o" -c -o "src/Bsp/libwrap/sys/stat.o" "../src/Bsp/libwrap/sys/stat.c"
Finished building: ../src/Bsp/libwrap/sys/stat.c
 
Building file: ../src/Bsp/libwrap/sys/times.c
Invoking: GNU RISC-V Cross C Compiler
riscv-none-embed-gcc -march=rv32im -mabi=ilp32 -mcmodel=medlow -msmall-data-limit=8 -mno-save-restore -O0 -fmessage-length=0 -fsigned-char -ffunction-sections -fdata-sections -fno-common  -g -DUSE_FULL_ASSERT -I"D:\CreateIC\01_CPIPC\riscv\HME_RISCV_DEMO\VexRiscv_Prj\Firmware\app_prj\app_demo\src\Bsp\Core" -I"D:\CreateIC\01_CPIPC\riscv\HME_RISCV_DEMO\VexRiscv_Prj\Firmware\app_prj\app_demo\src\Bsp\libwrap\sys" -I"D:\CreateIC\01_CPIPC\riscv\HME_RISCV_DEMO\VexRiscv_Prj\Firmware\app_prj\app_demo\src\Bsp\libwrap\stdlib" -I"D:\CreateIC\01_CPIPC\riscv\HME_RISCV_DEMO\VexRiscv_Prj\Firmware\app_prj\app_demo\src\Bsp\libwrap\misc" -I"D:\CreateIC\01_CPIPC\riscv\HME_RISCV_DEMO\VexRiscv_Prj\Firmware\app_prj\app_demo\src\Bsp\Driver" -std=gnu11 -MMD -MP -MF"src/Bsp/libwrap/sys/times.d" -MT"src/Bsp/libwrap/sys/times.o" -c -o "src/Bsp/libwrap/sys/times.o" "../src/Bsp/libwrap/sys/times.c"
Finished building: ../src/Bsp/libwrap/sys/times.c
 
Building file: ../src/Bsp/libwrap/sys/unlink.c
Invoking: GNU RISC-V Cross C Compiler
riscv-none-embed-gcc -march=rv32im -mabi=ilp32 -mcmodel=medlow -msmall-data-limit=8 -mno-save-restore -O0 -fmessage-length=0 -fsigned-char -ffunction-sections -fdata-sections -fno-common  -g -DUSE_FULL_ASSERT -I"D:\CreateIC\01_CPIPC\riscv\HME_RISCV_DEMO\VexRiscv_Prj\Firmware\app_prj\app_demo\src\Bsp\Core" -I"D:\CreateIC\01_CPIPC\riscv\HME_RISCV_DEMO\VexRiscv_Prj\Firmware\app_prj\app_demo\src\Bsp\libwrap\sys" -I"D:\CreateIC\01_CPIPC\riscv\HME_RISCV_DEMO\VexRiscv_Prj\Firmware\app_prj\app_demo\src\Bsp\libwrap\stdlib" -I"D:\CreateIC\01_CPIPC\riscv\HME_RISCV_DEMO\VexRiscv_Prj\Firmware\app_prj\app_demo\src\Bsp\libwrap\misc" -I"D:\CreateIC\01_CPIPC\riscv\HME_RISCV_DEMO\VexRiscv_Prj\Firmware\app_prj\app_demo\src\Bsp\Driver" -std=gnu11 -MMD -MP -MF"src/Bsp/libwrap/sys/unlink.d" -MT"src/Bsp/libwrap/sys/unlink.o" -c -o "src/Bsp/libwrap/sys/unlink.o" "../src/Bsp/libwrap/sys/unlink.c"
Finished building: ../src/Bsp/libwrap/sys/unlink.c
 
Building file: ../src/Bsp/libwrap/sys/wait.c
Invoking: GNU RISC-V Cross C Compiler
riscv-none-embed-gcc -march=rv32im -mabi=ilp32 -mcmodel=medlow -msmall-data-limit=8 -mno-save-restore -O0 -fmessage-length=0 -fsigned-char -ffunction-sections -fdata-sections -fno-common  -g -DUSE_FULL_ASSERT -I"D:\CreateIC\01_CPIPC\riscv\HME_RISCV_DEMO\VexRiscv_Prj\Firmware\app_prj\app_demo\src\Bsp\Core" -I"D:\CreateIC\01_CPIPC\riscv\HME_RISCV_DEMO\VexRiscv_Prj\Firmware\app_prj\app_demo\src\Bsp\libwrap\sys" -I"D:\CreateIC\01_CPIPC\riscv\HME_RISCV_DEMO\VexRiscv_Prj\Firmware\app_prj\app_demo\src\Bsp\libwrap\stdlib" -I"D:\CreateIC\01_CPIPC\riscv\HME_RISCV_DEMO\VexRiscv_Prj\Firmware\app_prj\app_demo\src\Bsp\libwrap\misc" -I"D:\CreateIC\01_CPIPC\riscv\HME_RISCV_DEMO\VexRiscv_Prj\Firmware\app_prj\app_demo\src\Bsp\Driver" -std=gnu11 -MMD -MP -MF"src/Bsp/libwrap/sys/wait.d" -MT"src/Bsp/libwrap/sys/wait.o" -c -o "src/Bsp/libwrap/sys/wait.o" "../src/Bsp/libwrap/sys/wait.c"
Finished building: ../src/Bsp/libwrap/sys/wait.c
 
Building file: ../src/Bsp/libwrap/sys/write.c
Invoking: GNU RISC-V Cross C Compiler
riscv-none-embed-gcc -march=rv32im -mabi=ilp32 -mcmodel=medlow -msmall-data-limit=8 -mno-save-restore -O0 -fmessage-length=0 -fsigned-char -ffunction-sections -fdata-sections -fno-common  -g -DUSE_FULL_ASSERT -I"D:\CreateIC\01_CPIPC\riscv\HME_RISCV_DEMO\VexRiscv_Prj\Firmware\app_prj\app_demo\src\Bsp\Core" -I"D:\CreateIC\01_CPIPC\riscv\HME_RISCV_DEMO\VexRiscv_Prj\Firmware\app_prj\app_demo\src\Bsp\libwrap\sys" -I"D:\CreateIC\01_CPIPC\riscv\HME_RISCV_DEMO\VexRiscv_Prj\Firmware\app_prj\app_demo\src\Bsp\libwrap\stdlib" -I"D:\CreateIC\01_CPIPC\riscv\HME_RISCV_DEMO\VexRiscv_Prj\Firmware\app_prj\app_demo\src\Bsp\libwrap\misc" -I"D:\CreateIC\01_CPIPC\riscv\HME_RISCV_DEMO\VexRiscv_Prj\Firmware\app_prj\app_demo\src\Bsp\Driver" -std=gnu11 -MMD -MP -MF"src/Bsp/libwrap/sys/write.d" -MT"src/Bsp/libwrap/sys/write.o" -c -o "src/Bsp/libwrap/sys/write.o" "../src/Bsp/libwrap/sys/write.c"
Finished building: ../src/Bsp/libwrap/sys/write.c
 
Building file: ../src/Bsp/libwrap/stdlib/malloc.c
Invoking: GNU RISC-V Cross C Compiler
riscv-none-embed-gcc -march=rv32im -mabi=ilp32 -mcmodel=medlow -msmall-data-limit=8 -mno-save-restore -O0 -fmessage-length=0 -fsigned-char -ffunction-sections -fdata-sections -fno-common  -g -DUSE_FULL_ASSERT -I"D:\CreateIC\01_CPIPC\riscv\HME_RISCV_DEMO\VexRiscv_Prj\Firmware\app_prj\app_demo\src\Bsp\Core" -I"D:\CreateIC\01_CPIPC\riscv\HME_RISCV_DEMO\VexRiscv_Prj\Firmware\app_prj\app_demo\src\Bsp\libwrap\sys" -I"D:\CreateIC\01_CPIPC\riscv\HME_RISCV_DEMO\VexRiscv_Prj\Firmware\app_prj\app_demo\src\Bsp\libwrap\stdlib" -I"D:\CreateIC\01_CPIPC\riscv\HME_RISCV_DEMO\VexRiscv_Prj\Firmware\app_prj\app_demo\src\Bsp\libwrap\misc" -I"D:\CreateIC\01_CPIPC\riscv\HME_RISCV_DEMO\VexRiscv_Prj\Firmware\app_prj\app_demo\src\Bsp\Driver" -std=gnu11 -MMD -MP -MF"src/Bsp/libwrap/stdlib/malloc.d" -MT"src/Bsp/libwrap/stdlib/malloc.o" -c -o "src/Bsp/libwrap/stdlib/malloc.o" "../src/Bsp/libwrap/stdlib/malloc.c"
Finished building: ../src/Bsp/libwrap/stdlib/malloc.c
 
Building file: ../src/Bsp/libwrap/misc/write_hex.c
Invoking: GNU RISC-V Cross C Compiler
riscv-none-embed-gcc -march=rv32im -mabi=ilp32 -mcmodel=medlow -msmall-data-limit=8 -mno-save-restore -O0 -fmessage-length=0 -fsigned-char -ffunction-sections -fdata-sections -fno-common  -g -DUSE_FULL_ASSERT -I"D:\CreateIC\01_CPIPC\riscv\HME_RISCV_DEMO\VexRiscv_Prj\Firmware\app_prj\app_demo\src\Bsp\Core" -I"D:\CreateIC\01_CPIPC\riscv\HME_RISCV_DEMO\VexRiscv_Prj\Firmware\app_prj\app_demo\src\Bsp\libwrap\sys" -I"D:\CreateIC\01_CPIPC\riscv\HME_RISCV_DEMO\VexRiscv_Prj\Firmware\app_prj\app_demo\src\Bsp\libwrap\stdlib" -I"D:\CreateIC\01_CPIPC\riscv\HME_RISCV_DEMO\VexRiscv_Prj\Firmware\app_prj\app_demo\src\Bsp\libwrap\misc" -I"D:\CreateIC\01_CPIPC\riscv\HME_RISCV_DEMO\VexRiscv_Prj\Firmware\app_prj\app_demo\src\Bsp\Driver" -std=gnu11 -MMD -MP -MF"src/Bsp/libwrap/misc/write_hex.d" -MT"src/Bsp/libwrap/misc/write_hex.o" -c -o "src/Bsp/libwrap/misc/write_hex.o" "../src/Bsp/libwrap/misc/write_hex.c"
Finished building: ../src/Bsp/libwrap/misc/write_hex.c
 
Building file: ../src/Bsp/Driver/hme_gpio.c
Invoking: GNU RISC-V Cross C Compiler
riscv-none-embed-gcc -march=rv32im -mabi=ilp32 -mcmodel=medlow -msmall-data-limit=8 -mno-save-restore -O0 -fmessage-length=0 -fsigned-char -ffunction-sections -fdata-sections -fno-common  -g -DUSE_FULL_ASSERT -I"D:\CreateIC\01_CPIPC\riscv\HME_RISCV_DEMO\VexRiscv_Prj\Firmware\app_prj\app_demo\src\Bsp\Core" -I"D:\CreateIC\01_CPIPC\riscv\HME_RISCV_DEMO\VexRiscv_Prj\Firmware\app_prj\app_demo\src\Bsp\libwrap\sys" -I"D:\CreateIC\01_CPIPC\riscv\HME_RISCV_DEMO\VexRiscv_Prj\Firmware\app_prj\app_demo\src\Bsp\libwrap\stdlib" -I"D:\CreateIC\01_CPIPC\riscv\HME_RISCV_DEMO\VexRiscv_Prj\Firmware\app_prj\app_demo\src\Bsp\libwrap\misc" -I"D:\CreateIC\01_CPIPC\riscv\HME_RISCV_DEMO\VexRiscv_Prj\Firmware\app_prj\app_demo\src\Bsp\Driver" -std=gnu11 -MMD -MP -MF"src/Bsp/Driver/hme_gpio.d" -MT"src/Bsp/Driver/hme_gpio.o" -c -o "src/Bsp/Driver/hme_gpio.o" "../src/Bsp/Driver/hme_gpio.c"
Finished building: ../src/Bsp/Driver/hme_gpio.c
 
Building file: ../src/Bsp/Driver/hme_iic.c
Invoking: GNU RISC-V Cross C Compiler
riscv-none-embed-gcc -march=rv32im -mabi=ilp32 -mcmodel=medlow -msmall-data-limit=8 -mno-save-restore -O0 -fmessage-length=0 -fsigned-char -ffunction-sections -fdata-sections -fno-common  -g -DUSE_FULL_ASSERT -I"D:\CreateIC\01_CPIPC\riscv\HME_RISCV_DEMO\VexRiscv_Prj\Firmware\app_prj\app_demo\src\Bsp\Core" -I"D:\CreateIC\01_CPIPC\riscv\HME_RISCV_DEMO\VexRiscv_Prj\Firmware\app_prj\app_demo\src\Bsp\libwrap\sys" -I"D:\CreateIC\01_CPIPC\riscv\HME_RISCV_DEMO\VexRiscv_Prj\Firmware\app_prj\app_demo\src\Bsp\libwrap\stdlib" -I"D:\CreateIC\01_CPIPC\riscv\HME_RISCV_DEMO\VexRiscv_Prj\Firmware\app_prj\app_demo\src\Bsp\libwrap\misc" -I"D:\CreateIC\01_CPIPC\riscv\HME_RISCV_DEMO\VexRiscv_Prj\Firmware\app_prj\app_demo\src\Bsp\Driver" -std=gnu11 -MMD -MP -MF"src/Bsp/Driver/hme_iic.d" -MT"src/Bsp/Driver/hme_iic.o" -c -o "src/Bsp/Driver/hme_iic.o" "../src/Bsp/Driver/hme_iic.c"
Finished building: ../src/Bsp/Driver/hme_iic.c
 
Building file: ../src/Bsp/Driver/hme_plic.c
Invoking: GNU RISC-V Cross C Compiler
riscv-none-embed-gcc -march=rv32im -mabi=ilp32 -mcmodel=medlow -msmall-data-limit=8 -mno-save-restore -O0 -fmessage-length=0 -fsigned-char -ffunction-sections -fdata-sections -fno-common  -g -DUSE_FULL_ASSERT -I"D:\CreateIC\01_CPIPC\riscv\HME_RISCV_DEMO\VexRiscv_Prj\Firmware\app_prj\app_demo\src\Bsp\Core" -I"D:\CreateIC\01_CPIPC\riscv\HME_RISCV_DEMO\VexRiscv_Prj\Firmware\app_prj\app_demo\src\Bsp\libwrap\sys" -I"D:\CreateIC\01_CPIPC\riscv\HME_RISCV_DEMO\VexRiscv_Prj\Firmware\app_prj\app_demo\src\Bsp\libwrap\stdlib" -I"D:\CreateIC\01_CPIPC\riscv\HME_RISCV_DEMO\VexRiscv_Prj\Firmware\app_prj\app_demo\src\Bsp\libwrap\misc" -I"D:\CreateIC\01_CPIPC\riscv\HME_RISCV_DEMO\VexRiscv_Prj\Firmware\app_prj\app_demo\src\Bsp\Driver" -std=gnu11 -MMD -MP -MF"src/Bsp/Driver/hme_plic.d" -MT"src/Bsp/Driver/hme_plic.o" -c -o "src/Bsp/Driver/hme_plic.o" "../src/Bsp/Driver/hme_plic.c"
Finished building: ../src/Bsp/Driver/hme_plic.c
 
Building file: ../src/Bsp/Driver/hme_spi.c
Invoking: GNU RISC-V Cross C Compiler
riscv-none-embed-gcc -march=rv32im -mabi=ilp32 -mcmodel=medlow -msmall-data-limit=8 -mno-save-restore -O0 -fmessage-length=0 -fsigned-char -ffunction-sections -fdata-sections -fno-common  -g -DUSE_FULL_ASSERT -I"D:\CreateIC\01_CPIPC\riscv\HME_RISCV_DEMO\VexRiscv_Prj\Firmware\app_prj\app_demo\src\Bsp\Core" -I"D:\CreateIC\01_CPIPC\riscv\HME_RISCV_DEMO\VexRiscv_Prj\Firmware\app_prj\app_demo\src\Bsp\libwrap\sys" -I"D:\CreateIC\01_CPIPC\riscv\HME_RISCV_DEMO\VexRiscv_Prj\Firmware\app_prj\app_demo\src\Bsp\libwrap\stdlib" -I"D:\CreateIC\01_CPIPC\riscv\HME_RISCV_DEMO\VexRiscv_Prj\Firmware\app_prj\app_demo\src\Bsp\libwrap\misc" -I"D:\CreateIC\01_CPIPC\riscv\HME_RISCV_DEMO\VexRiscv_Prj\Firmware\app_prj\app_demo\src\Bsp\Driver" -std=gnu11 -MMD -MP -MF"src/Bsp/Driver/hme_spi.d" -MT"src/Bsp/Driver/hme_spi.o" -c -o "src/Bsp/Driver/hme_spi.o" "../src/Bsp/Driver/hme_spi.c"
Finished building: ../src/Bsp/Driver/hme_spi.c
 
Building file: ../src/Bsp/Driver/hme_timer.c
Invoking: GNU RISC-V Cross C Compiler
riscv-none-embed-gcc -march=rv32im -mabi=ilp32 -mcmodel=medlow -msmall-data-limit=8 -mno-save-restore -O0 -fmessage-length=0 -fsigned-char -ffunction-sections -fdata-sections -fno-common  -g -DUSE_FULL_ASSERT -I"D:\CreateIC\01_CPIPC\riscv\HME_RISCV_DEMO\VexRiscv_Prj\Firmware\app_prj\app_demo\src\Bsp\Core" -I"D:\CreateIC\01_CPIPC\riscv\HME_RISCV_DEMO\VexRiscv_Prj\Firmware\app_prj\app_demo\src\Bsp\libwrap\sys" -I"D:\CreateIC\01_CPIPC\riscv\HME_RISCV_DEMO\VexRiscv_Prj\Firmware\app_prj\app_demo\src\Bsp\libwrap\stdlib" -I"D:\CreateIC\01_CPIPC\riscv\HME_RISCV_DEMO\VexRiscv_Prj\Firmware\app_prj\app_demo\src\Bsp\libwrap\misc" -I"D:\CreateIC\01_CPIPC\riscv\HME_RISCV_DEMO\VexRiscv_Prj\Firmware\app_prj\app_demo\src\Bsp\Driver" -std=gnu11 -MMD -MP -MF"src/Bsp/Driver/hme_timer.d" -MT"src/Bsp/Driver/hme_timer.o" -c -o "src/Bsp/Driver/hme_timer.o" "../src/Bsp/Driver/hme_timer.c"
Finished building: ../src/Bsp/Driver/hme_timer.c
 
Building file: ../src/Bsp/Driver/hme_uart.c
Invoking: GNU RISC-V Cross C Compiler
riscv-none-embed-gcc -march=rv32im -mabi=ilp32 -mcmodel=medlow -msmall-data-limit=8 -mno-save-restore -O0 -fmessage-length=0 -fsigned-char -ffunction-sections -fdata-sections -fno-common  -g -DUSE_FULL_ASSERT -I"D:\CreateIC\01_CPIPC\riscv\HME_RISCV_DEMO\VexRiscv_Prj\Firmware\app_prj\app_demo\src\Bsp\Core" -I"D:\CreateIC\01_CPIPC\riscv\HME_RISCV_DEMO\VexRiscv_Prj\Firmware\app_prj\app_demo\src\Bsp\libwrap\sys" -I"D:\CreateIC\01_CPIPC\riscv\HME_RISCV_DEMO\VexRiscv_Prj\Firmware\app_prj\app_demo\src\Bsp\libwrap\stdlib" -I"D:\CreateIC\01_CPIPC\riscv\HME_RISCV_DEMO\VexRiscv_Prj\Firmware\app_prj\app_demo\src\Bsp\libwrap\misc" -I"D:\CreateIC\01_CPIPC\riscv\HME_RISCV_DEMO\VexRiscv_Prj\Firmware\app_prj\app_demo\src\Bsp\Driver" -std=gnu11 -MMD -MP -MF"src/Bsp/Driver/hme_uart.d" -MT"src/Bsp/Driver/hme_uart.o" -c -o "src/Bsp/Driver/hme_uart.o" "../src/Bsp/Driver/hme_uart.c"
Finished building: ../src/Bsp/Driver/hme_uart.c
 
Building file: ../src/Bsp/Driver/spi_flash.c
Invoking: GNU RISC-V Cross C Compiler
riscv-none-embed-gcc -march=rv32im -mabi=ilp32 -mcmodel=medlow -msmall-data-limit=8 -mno-save-restore -O0 -fmessage-length=0 -fsigned-char -ffunction-sections -fdata-sections -fno-common  -g -DUSE_FULL_ASSERT -I"D:\CreateIC\01_CPIPC\riscv\HME_RISCV_DEMO\VexRiscv_Prj\Firmware\app_prj\app_demo\src\Bsp\Core" -I"D:\CreateIC\01_CPIPC\riscv\HME_RISCV_DEMO\VexRiscv_Prj\Firmware\app_prj\app_demo\src\Bsp\libwrap\sys" -I"D:\CreateIC\01_CPIPC\riscv\HME_RISCV_DEMO\VexRiscv_Prj\Firmware\app_prj\app_demo\src\Bsp\libwrap\stdlib" -I"D:\CreateIC\01_CPIPC\riscv\HME_RISCV_DEMO\VexRiscv_Prj\Firmware\app_prj\app_demo\src\Bsp\libwrap\misc" -I"D:\CreateIC\01_CPIPC\riscv\HME_RISCV_DEMO\VexRiscv_Prj\Firmware\app_prj\app_demo\src\Bsp\Driver" -std=gnu11 -MMD -MP -MF"src/Bsp/Driver/spi_flash.d" -MT"src/Bsp/Driver/spi_flash.o" -c -o "src/Bsp/Driver/spi_flash.o" "../src/Bsp/Driver/spi_flash.c"
Finished building: ../src/Bsp/Driver/spi_flash.c
 
Building file: ../src/Bsp/Driver/system.c
Invoking: GNU RISC-V Cross C Compiler
riscv-none-embed-gcc -march=rv32im -mabi=ilp32 -mcmodel=medlow -msmall-data-limit=8 -mno-save-restore -O0 -fmessage-length=0 -fsigned-char -ffunction-sections -fdata-sections -fno-common  -g -DUSE_FULL_ASSERT -I"D:\CreateIC\01_CPIPC\riscv\HME_RISCV_DEMO\VexRiscv_Prj\Firmware\app_prj\app_demo\src\Bsp\Core" -I"D:\CreateIC\01_CPIPC\riscv\HME_RISCV_DEMO\VexRiscv_Prj\Firmware\app_prj\app_demo\src\Bsp\libwrap\sys" -I"D:\CreateIC\01_CPIPC\riscv\HME_RISCV_DEMO\VexRiscv_Prj\Firmware\app_prj\app_demo\src\Bsp\libwrap\stdlib" -I"D:\CreateIC\01_CPIPC\riscv\HME_RISCV_DEMO\VexRiscv_Prj\Firmware\app_prj\app_demo\src\Bsp\libwrap\misc" -I"D:\CreateIC\01_CPIPC\riscv\HME_RISCV_DEMO\VexRiscv_Prj\Firmware\app_prj\app_demo\src\Bsp\Driver" -std=gnu11 -MMD -MP -MF"src/Bsp/Driver/system.d" -MT"src/Bsp/Driver/system.o" -c -o "src/Bsp/Driver/system.o" "../src/Bsp/Driver/system.c"
Finished building: ../src/Bsp/Driver/system.c
 
Building file: ../src/Bsp/Core/start.S
Invoking: GNU RISC-V Cross Assembler
riscv-none-embed-gcc -march=rv32im -mabi=ilp32 -mcmodel=medlow -msmall-data-limit=8 -mno-save-restore -O0 -fmessage-length=0 -fsigned-char -ffunction-sections -fdata-sections -fno-common  -g -x assembler-with-cpp -I"D:\CreateIC\01_CPIPC\riscv\HME_RISCV_DEMO\VexRiscv_Prj\Firmware\app_prj\app_demo\src\Bsp\libwrap\misc" -I"D:\CreateIC\01_CPIPC\riscv\HME_RISCV_DEMO\VexRiscv_Prj\Firmware\app_prj\app_demo\src\Bsp\libwrap\stdlib" -I"D:\CreateIC\01_CPIPC\riscv\HME_RISCV_DEMO\VexRiscv_Prj\Firmware\app_prj\app_demo\src\Bsp\libwrap\sys" -I"D:\CreateIC\01_CPIPC\riscv\HME_RISCV_DEMO\VexRiscv_Prj\Firmware\app_prj\app_demo\src\Bsp\Core" -I"D:\CreateIC\01_CPIPC\riscv\HME_RISCV_DEMO\VexRiscv_Prj\Firmware\app_prj\app_demo\src\Bsp\Driver" -MMD -MP -MF"src/Bsp/Core/start.d" -MT"src/Bsp/Core/start.o" -c -o "src/Bsp/Core/start.o" "../src/Bsp/Core/start.S"
Finished building: ../src/Bsp/Core/start.S
 
Building file: ../src/Bsp/Core/trap.S
Invoking: GNU RISC-V Cross Assembler
riscv-none-embed-gcc -march=rv32im -mabi=ilp32 -mcmodel=medlow -msmall-data-limit=8 -mno-save-restore -O0 -fmessage-length=0 -fsigned-char -ffunction-sections -fdata-sections -fno-common  -g -x assembler-with-cpp -I"D:\CreateIC\01_CPIPC\riscv\HME_RISCV_DEMO\VexRiscv_Prj\Firmware\app_prj\app_demo\src\Bsp\libwrap\misc" -I"D:\CreateIC\01_CPIPC\riscv\HME_RISCV_DEMO\VexRiscv_Prj\Firmware\app_prj\app_demo\src\Bsp\libwrap\stdlib" -I"D:\CreateIC\01_CPIPC\riscv\HME_RISCV_DEMO\VexRiscv_Prj\Firmware\app_prj\app_demo\src\Bsp\libwrap\sys" -I"D:\CreateIC\01_CPIPC\riscv\HME_RISCV_DEMO\VexRiscv_Prj\Firmware\app_prj\app_demo\src\Bsp\Core" -I"D:\CreateIC\01_CPIPC\riscv\HME_RISCV_DEMO\VexRiscv_Prj\Firmware\app_prj\app_demo\src\Bsp\Driver" -MMD -MP -MF"src/Bsp/Core/trap.d" -MT"src/Bsp/Core/trap.o" -c -o "src/Bsp/Core/trap.o" "../src/Bsp/Core/trap.S"
Finished building: ../src/Bsp/Core/trap.S
 
Building file: ../src/Bsp/Core/trap_handle.c
Invoking: GNU RISC-V Cross C Compiler
riscv-none-embed-gcc -march=rv32im -mabi=ilp32 -mcmodel=medlow -msmall-data-limit=8 -mno-save-restore -O0 -fmessage-length=0 -fsigned-char -ffunction-sections -fdata-sections -fno-common  -g -DUSE_FULL_ASSERT -I"D:\CreateIC\01_CPIPC\riscv\HME_RISCV_DEMO\VexRiscv_Prj\Firmware\app_prj\app_demo\src\Bsp\Core" -I"D:\CreateIC\01_CPIPC\riscv\HME_RISCV_DEMO\VexRiscv_Prj\Firmware\app_prj\app_demo\src\Bsp\libwrap\sys" -I"D:\CreateIC\01_CPIPC\riscv\HME_RISCV_DEMO\VexRiscv_Prj\Firmware\app_prj\app_demo\src\Bsp\libwrap\stdlib" -I"D:\CreateIC\01_CPIPC\riscv\HME_RISCV_DEMO\VexRiscv_Prj\Firmware\app_prj\app_demo\src\Bsp\libwrap\misc" -I"D:\CreateIC\01_CPIPC\riscv\HME_RISCV_DEMO\VexRiscv_Prj\Firmware\app_prj\app_demo\src\Bsp\Driver" -std=gnu11 -MMD -MP -MF"src/Bsp/Core/trap_handle.d" -MT"src/Bsp/Core/trap_handle.o" -c -o "src/Bsp/Core/trap_handle.o" "../src/Bsp/Core/trap_handle.c"
Finished building: ../src/Bsp/Core/trap_handle.c
 
Building file: ../src/main.c
Invoking: GNU RISC-V Cross C Compiler
riscv-none-embed-gcc -march=rv32im -mabi=ilp32 -mcmodel=medlow -msmall-data-limit=8 -mno-save-restore -O0 -fmessage-length=0 -fsigned-char -ffunction-sections -fdata-sections -fno-common  -g -DUSE_FULL_ASSERT -I"D:\CreateIC\01_CPIPC\riscv\HME_RISCV_DEMO\VexRiscv_Prj\Firmware\app_prj\app_demo\src\Bsp\Core" -I"D:\CreateIC\01_CPIPC\riscv\HME_RISCV_DEMO\VexRiscv_Prj\Firmware\app_prj\app_demo\src\Bsp\libwrap\sys" -I"D:\CreateIC\01_CPIPC\riscv\HME_RISCV_DEMO\VexRiscv_Prj\Firmware\app_prj\app_demo\src\Bsp\libwrap\stdlib" -I"D:\CreateIC\01_CPIPC\riscv\HME_RISCV_DEMO\VexRiscv_Prj\Firmware\app_prj\app_demo\src\Bsp\libwrap\misc" -I"D:\CreateIC\01_CPIPC\riscv\HME_RISCV_DEMO\VexRiscv_Prj\Firmware\app_prj\app_demo\src\Bsp\Driver" -std=gnu11 -MMD -MP -MF"src/main.d" -MT"src/main.o" -c -o "src/main.o" "../src/main.c"
Finished building: ../src/main.c
 
Building target: app_demo.elf
Invoking: GNU RISC-V Cross C Linker
riscv-none-embed-gcc -march=rv32im -mabi=ilp32 -mcmodel=medlow -msmall-data-limit=8 -mno-save-restore -O0 -fmessage-length=0 -fsigned-char -ffunction-sections -fdata-sections -fno-common  -g -T "D:\CreateIC\01_CPIPC\riscv\HME_RISCV_DEMO\VexRiscv_Prj\Firmware\app_prj\app_demo\app.ld" -nostartfiles -Xlinker --gc-sections -Wl,-Map,"app_demo.map" --specs=nano.specs -o "app_demo.elf"  ./src/Bsp/libwrap/sys/_exit.o ./src/Bsp/libwrap/sys/close.o ./src/Bsp/libwrap/sys/execve.o ./src/Bsp/libwrap/sys/fork.o ./src/Bsp/libwrap/sys/fstat.o ./src/Bsp/libwrap/sys/getpid.o ./src/Bsp/libwrap/sys/isatty.o ./src/Bsp/libwrap/sys/kill.o ./src/Bsp/libwrap/sys/link.o ./src/Bsp/libwrap/sys/lseek.o ./src/Bsp/libwrap/sys/open.o ./src/Bsp/libwrap/sys/openat.o ./src/Bsp/libwrap/sys/read.o ./src/Bsp/libwrap/sys/sbrk.o ./src/Bsp/libwrap/sys/stat.o ./src/Bsp/libwrap/sys/times.o ./src/Bsp/libwrap/sys/unlink.o ./src/Bsp/libwrap/sys/wait.o ./src/Bsp/libwrap/sys/write.o  ./src/Bsp/libwrap/stdlib/malloc.o  ./src/Bsp/libwrap/misc/write_hex.o  ./src/Bsp/Driver/hme_gpio.o ./src/Bsp/Driver/hme_iic.o ./src/Bsp/Driver/hme_plic.o ./src/Bsp/Driver/hme_spi.o ./src/Bsp/Driver/hme_timer.o ./src/Bsp/Driver/hme_uart.o ./src/Bsp/Driver/spi_flash.o ./src/Bsp/Driver/system.o  ./src/Bsp/Core/start.o ./src/Bsp/Core/trap.o ./src/Bsp/Core/trap_handle.o  ./src/main.o   
Finished building target: app_demo.elf
 
Invoking: GNU RISC-V Cross Create Flash Image
riscv-none-embed-objcopy -O ihex "app_demo.elf"  "app_demo.hex"
Finished building: app_demo.hex
 
Invoking: GNU RISC-V Cross Create Listing
riscv-none-embed-objdump --source --all-headers --demangle --line-numbers --wide "app_demo.elf" > "app_demo.lst"
Finished building: app_demo.lst
 
Invoking: GNU RISC-V Cross Print Size
riscv-none-embed-size --format=berkeley "app_demo.elf"
   text	   data	    bss	    dec	    hex	filename
  19628	   1038	 168188	 188854	  2e1b6	app_demo.elf
Finished building: app_demo.siz
 
11:37:13 **** Incremental Build of configuration Debug for project app_demo ****
make all 
Building file: ../src/Bsp/libwrap/sys/_exit.c
Invoking: GNU RISC-V Cross C Compiler
riscv-none-embed-gcc -march=rv32im -mabi=ilp32 -mcmodel=medlow -msmall-data-limit=8 -mno-save-restore -O0 -fmessage-length=0 -fsigned-char -ffunction-sections -fdata-sections -fno-common  -g -DUSE_FULL_ASSERT -I"D:\CreateIC\01_CPIPC\riscv\HME_RISCV_DEMO\VexRiscv_Prj\Firmware\app_prj\app_demo\src\Bsp\Core" -I"D:\CreateIC\01_CPIPC\riscv\HME_RISCV_DEMO\VexRiscv_Prj\Firmware\app_prj\app_demo\src\Bsp\libwrap\sys" -I"D:\CreateIC\01_CPIPC\riscv\HME_RISCV_DEMO\VexRiscv_Prj\Firmware\app_prj\app_demo\src\Bsp\libwrap\stdlib" -I"D:\CreateIC\01_CPIPC\riscv\HME_RISCV_DEMO\VexRiscv_Prj\Firmware\app_prj\app_demo\src\Bsp\libwrap\misc" -I"D:\CreateIC\01_CPIPC\riscv\HME_RISCV_DEMO\VexRiscv_Prj\Firmware\app_prj\app_demo\src\Bsp\Driver" -std=gnu11 -MMD -MP -MF"src/Bsp/libwrap/sys/_exit.d" -MT"src/Bsp/libwrap/sys/_exit.o" -c -o "src/Bsp/libwrap/sys/_exit.o" "../src/Bsp/libwrap/sys/_exit.c"
../src/Bsp/libwrap/sys/_exit.c:4:10: fatal error: write_hex.h: No such file or directory
 #include <write_hex.h>
          ^~~~~~~~~~~~~
compilation terminated.
make: *** [src/Bsp/libwrap/sys/subdir.mk:74: src/Bsp/libwrap/sys/_exit.o] Error 1
"make all" terminated with exit code 2. Build might be incomplete.
11:38:10 **** Incremental Build of configuration Debug for project app_demo ****
make all 
Building file: ../src/Bsp/libwrap/sys/_exit.c
Invoking: GNU RISC-V Cross C Compiler
riscv-none-embed-gcc -march=rv32im -mabi=ilp32 -mcmodel=medlow -msmall-data-limit=8 -mno-save-restore -O0 -fmessage-length=0 -fsigned-char -ffunction-sections -fdata-sections -fno-common  -g -DUSE_FULL_ASSERT -I"D:\CreateIC\01_CPIPC\riscv\HME_RISCV_DEMO\VexRiscv_Prj\Firmware\app_prj\app_demo\src\Bsp\Core" -I"D:\CreateIC\01_CPIPC\riscv\HME_RISCV_DEMO\VexRiscv_Prj\Firmware\app_prj\app_demo\src\Bsp\libwrap\sys" -I"D:\CreateIC\01_CPIPC\riscv\HME_RISCV_DEMO\VexRiscv_Prj\Firmware\app_prj\app_demo\src\Bsp\libwrap\stdlib" -I"D:\CreateIC\01_CPIPC\riscv\HME_RISCV_DEMO\VexRiscv_Prj\Firmware\app_prj\app_demo\src\Bsp\libwrap\misc" -I"D:\CreateIC\01_CPIPC\riscv\HME_RISCV_DEMO\VexRiscv_Prj\Firmware\app_prj\app_demo\src\Bsp\Driver" -std=gnu11 -MMD -MP -MF"src/Bsp/libwrap/sys/_exit.d" -MT"src/Bsp/libwrap/sys/_exit.o" -c -o "src/Bsp/libwrap/sys/_exit.o" "../src/Bsp/libwrap/sys/_exit.c"
../src/Bsp/libwrap/sys/_exit.c: In function '_exit':
../src/Bsp/libwrap/sys/_exit.c:9:3: warning: implicit declaration of function 'write_hex'; did you mean 'write'? [-Wimplicit-function-declaration]
   write_hex(STDERR_FILENO, code);
   ^~~~~~~~~
   write
Finished building: ../src/Bsp/libwrap/sys/_exit.c
 
Building target: app_demo.elf
Invoking: GNU RISC-V Cross C Linker
riscv-none-embed-gcc -march=rv32im -mabi=ilp32 -mcmodel=medlow -msmall-data-limit=8 -mno-save-restore -O0 -fmessage-length=0 -fsigned-char -ffunction-sections -fdata-sections -fno-common  -g -T "D:\CreateIC\01_CPIPC\riscv\HME_RISCV_DEMO\VexRiscv_Prj\Firmware\app_prj\app_demo\app.ld" -nostartfiles -Xlinker --gc-sections -Wl,-Map,"app_demo.map" --specs=nano.specs -o "app_demo.elf"  ./src/Bsp/libwrap/sys/_exit.o ./src/Bsp/libwrap/sys/close.o ./src/Bsp/libwrap/sys/execve.o ./src/Bsp/libwrap/sys/fork.o ./src/Bsp/libwrap/sys/fstat.o ./src/Bsp/libwrap/sys/getpid.o ./src/Bsp/libwrap/sys/isatty.o ./src/Bsp/libwrap/sys/kill.o ./src/Bsp/libwrap/sys/link.o ./src/Bsp/libwrap/sys/lseek.o ./src/Bsp/libwrap/sys/open.o ./src/Bsp/libwrap/sys/openat.o ./src/Bsp/libwrap/sys/read.o ./src/Bsp/libwrap/sys/sbrk.o ./src/Bsp/libwrap/sys/stat.o ./src/Bsp/libwrap/sys/times.o ./src/Bsp/libwrap/sys/unlink.o ./src/Bsp/libwrap/sys/wait.o ./src/Bsp/libwrap/sys/write.o  ./src/Bsp/libwrap/stdlib/malloc.o  ./src/Bsp/libwrap/misc/write_hex.o  ./src/Bsp/Driver/hme_gpio.o ./src/Bsp/Driver/hme_iic.o ./src/Bsp/Driver/hme_plic.o ./src/Bsp/Driver/hme_spi.o ./src/Bsp/Driver/hme_timer.o ./src/Bsp/Driver/hme_uart.o ./src/Bsp/Driver/spi_flash.o ./src/Bsp/Driver/system.o  ./src/Bsp/Core/start.o ./src/Bsp/Core/trap.o ./src/Bsp/Core/trap_handle.o  ./src/main.o   
Finished building target: app_demo.elf
 
Invoking: GNU RISC-V Cross Create Flash Image
riscv-none-embed-objcopy -O ihex "app_demo.elf"  "app_demo.hex"
Finished building: app_demo.hex
 
Invoking: GNU RISC-V Cross Create Listing
riscv-none-embed-objdump --source --all-headers --demangle --line-numbers --wide "app_demo.elf" > "app_demo.lst"
Finished building: app_demo.lst
 
Invoking: GNU RISC-V Cross Print Size
riscv-none-embed-size --format=berkeley "app_demo.elf"
   text	   data	    bss	    dec	    hex	filename
  19628	   1038	 168188	 188854	  2e1b6	app_demo.elf
Finished building: app_demo.siz
 
11:38:58 **** Incremental Build of configuration Debug for project app_demo ****
make all 
Building file: ../src/main.c
Invoking: GNU RISC-V Cross C Compiler
riscv-none-embed-gcc -march=rv32im -mabi=ilp32 -mcmodel=medlow -msmall-data-limit=8 -mno-save-restore -O0 -fmessage-length=0 -fsigned-char -ffunction-sections -fdata-sections -fno-common  -g -DUSE_FULL_ASSERT -I"D:\CreateIC\01_CPIPC\riscv\HME_RISCV_DEMO\VexRiscv_Prj\Firmware\app_prj\app_demo\src\Bsp\Core" -I"D:\CreateIC\01_CPIPC\riscv\HME_RISCV_DEMO\VexRiscv_Prj\Firmware\app_prj\app_demo\src\Bsp\libwrap\sys" -I"D:\CreateIC\01_CPIPC\riscv\HME_RISCV_DEMO\VexRiscv_Prj\Firmware\app_prj\app_demo\src\Bsp\libwrap\stdlib" -I"D:\CreateIC\01_CPIPC\riscv\HME_RISCV_DEMO\VexRiscv_Prj\Firmware\app_prj\app_demo\src\Bsp\libwrap\misc" -I"D:\CreateIC\01_CPIPC\riscv\HME_RISCV_DEMO\VexRiscv_Prj\Firmware\app_prj\app_demo\src\Bsp\Driver" -std=gnu11 -MMD -MP -MF"src/main.d" -MT"src/main.o" -c -o "src/main.o" "../src/main.c"
Finished building: ../src/main.c
 
Building target: app_demo.elf
Invoking: GNU RISC-V Cross C Linker
riscv-none-embed-gcc -march=rv32im -mabi=ilp32 -mcmodel=medlow -msmall-data-limit=8 -mno-save-restore -O0 -fmessage-length=0 -fsigned-char -ffunction-sections -fdata-sections -fno-common  -g -T "D:\CreateIC\01_CPIPC\riscv\HME_RISCV_DEMO\VexRiscv_Prj\Firmware\app_prj\app_demo\app.ld" -nostartfiles -Xlinker --gc-sections -Wl,-Map,"app_demo.map" --specs=nano.specs -o "app_demo.elf"  ./src/Bsp/libwrap/sys/_exit.o ./src/Bsp/libwrap/sys/close.o ./src/Bsp/libwrap/sys/execve.o ./src/Bsp/libwrap/sys/fork.o ./src/Bsp/libwrap/sys/fstat.o ./src/Bsp/libwrap/sys/getpid.o ./src/Bsp/libwrap/sys/isatty.o ./src/Bsp/libwrap/sys/kill.o ./src/Bsp/libwrap/sys/link.o ./src/Bsp/libwrap/sys/lseek.o ./src/Bsp/libwrap/sys/open.o ./src/Bsp/libwrap/sys/openat.o ./src/Bsp/libwrap/sys/read.o ./src/Bsp/libwrap/sys/sbrk.o ./src/Bsp/libwrap/sys/stat.o ./src/Bsp/libwrap/sys/times.o ./src/Bsp/libwrap/sys/unlink.o ./src/Bsp/libwrap/sys/wait.o ./src/Bsp/libwrap/sys/write.o  ./src/Bsp/libwrap/stdlib/malloc.o  ./src/Bsp/libwrap/misc/write_hex.o  ./src/Bsp/Driver/hme_gpio.o ./src/Bsp/Driver/hme_iic.o ./src/Bsp/Driver/hme_plic.o ./src/Bsp/Driver/hme_spi.o ./src/Bsp/Driver/hme_timer.o ./src/Bsp/Driver/hme_uart.o ./src/Bsp/Driver/spi_flash.o ./src/Bsp/Driver/system.o  ./src/Bsp/Core/start.o ./src/Bsp/Core/trap.o ./src/Bsp/Core/trap_handle.o  ./src/main.o   
Finished building target: app_demo.elf
 
Invoking: GNU RISC-V Cross Create Flash Image
riscv-none-embed-objcopy -O ihex "app_demo.elf"  "app_demo.hex"
Finished building: app_demo.hex
 
Invoking: GNU RISC-V Cross Create Listing
riscv-none-embed-objdump --source --all-headers --demangle --line-numbers --wide "app_demo.elf" > "app_demo.lst"
Finished building: app_demo.lst
 
Invoking: GNU RISC-V Cross Print Size
riscv-none-embed-size --format=berkeley "app_demo.elf"
   text	   data	    bss	    dec	    hex	filename
  16372	    950	 168140	 185462	  2d476	app_demo.elf
Finished building: app_demo.siz
 
16:01:44 **** Build of configuration Debug for project app_demo ****
make all 
Building file: ../src/Bsp/Driver/hme_uart.c
Invoking: GNU RISC-V Cross C Compiler
riscv-none-embed-gcc -march=rv32im -mabi=ilp32 -mcmodel=medlow -msmall-data-limit=8 -mno-save-restore -O0 -fmessage-length=0 -fsigned-char -ffunction-sections -fdata-sections -fno-common  -g -DUSE_FULL_ASSERT -I"D:\CreateIC\01_CPIPC\riscv\RISCV_ENC_20220421\Firmware_true\app_prj\app_demo\src\Bsp\Core" -I"D:\CreateIC\01_CPIPC\riscv\RISCV_ENC_20220421\Firmware_true\app_prj\app_demo\src\Bsp\libwrap\sys" -I"D:\CreateIC\01_CPIPC\riscv\RISCV_ENC_20220421\Firmware_true\app_prj\app_demo\src\Bsp\libwrap\stdlib" -I"D:\CreateIC\01_CPIPC\riscv\RISCV_ENC_20220421\Firmware_true\app_prj\app_demo\src\Bsp\libwrap\misc" -I"D:\CreateIC\01_CPIPC\riscv\RISCV_ENC_20220421\Firmware_true\app_prj\app_demo\src\Bsp\Driver" -std=gnu11 -MMD -MP -MF"src/Bsp/Driver/hme_uart.d" -MT"src/Bsp/Driver/hme_uart.o" -c -o "src/Bsp/Driver/hme_uart.o" "../src/Bsp/Driver/hme_uart.c"
../src/Bsp/Driver/hme_uart.c: In function 'UartIntrRecvExc':
../src/Bsp/Driver/hme_uart.c:683:2: warning: implicit declaration of function 'ddr_read_write_test' [-Wimplicit-function-declaration]
  ddr_read_write_test();
  ^~~~~~~~~~~~~~~~~~~
Finished building: ../src/Bsp/Driver/hme_uart.c
 
Building file: ../src/main.c
Invoking: GNU RISC-V Cross C Compiler
riscv-none-embed-gcc -march=rv32im -mabi=ilp32 -mcmodel=medlow -msmall-data-limit=8 -mno-save-restore -O0 -fmessage-length=0 -fsigned-char -ffunction-sections -fdata-sections -fno-common  -g -DUSE_FULL_ASSERT -I"D:\CreateIC\01_CPIPC\riscv\RISCV_ENC_20220421\Firmware_true\app_prj\app_demo\src\Bsp\Core" -I"D:\CreateIC\01_CPIPC\riscv\RISCV_ENC_20220421\Firmware_true\app_prj\app_demo\src\Bsp\libwrap\sys" -I"D:\CreateIC\01_CPIPC\riscv\RISCV_ENC_20220421\Firmware_true\app_prj\app_demo\src\Bsp\libwrap\stdlib" -I"D:\CreateIC\01_CPIPC\riscv\RISCV_ENC_20220421\Firmware_true\app_prj\app_demo\src\Bsp\libwrap\misc" -I"D:\CreateIC\01_CPIPC\riscv\RISCV_ENC_20220421\Firmware_true\app_prj\app_demo\src\Bsp\Driver" -std=gnu11 -MMD -MP -MF"src/main.d" -MT"src/main.o" -c -o "src/main.o" "../src/main.c"
../src/main.c: In function 'ddr_read_write_test':
../src/main.c:16:22: warning: unsigned conversion from 'int' to 'uint8_t' {aka 'unsigned char'} changes value from '62914560' to '0' [-Woverflow]
 #define IMG_ADDR_RX  0x03C00000
                      ^~~~~~~~~~
../src/main.c:51:17: note: in expansion of macro 'IMG_ADDR_RX'
  uint8_t addr = IMG_ADDR_RX;
                 ^~~~~~~~~~~
In file included from D:\CreateIC\01_CPIPC\riscv\RISCV_ENC_20220421\Firmware_true\app_prj\app_demo\src\Bsp\Driver/system.h:15,
                 from D:\CreateIC\01_CPIPC\riscv\RISCV_ENC_20220421\Firmware_true\app_prj\app_demo\src\Bsp\Driver/platform.h:15,
                 from ../src/main.c:13:
D:\CreateIC\01_CPIPC\riscv\RISCV_ENC_20220421\Firmware_true\app_prj\app_demo\src\Bsp\Driver/hme_riscv.h:165:44: warning: cast to pointer from integer of different size [-Wint-to-pointer-cast]
 #define  WriteReg8(address, data)        (*(volatile uint8_t*)(address) = (uint8_t)(data))
                                            ^
../src/main.c:55:3: note: in expansion of macro 'WriteReg8'
   WriteReg8(addr, i);
   ^~~~~~~~~
../src/main.c:16:22: warning: unsigned conversion from 'int' to 'uint8_t' {aka 'unsigned char'} changes value from '62914560' to '0' [-Woverflow]
 #define IMG_ADDR_RX  0x03C00000
                      ^~~~~~~~~~
../src/main.c:59:9: note: in expansion of macro 'IMG_ADDR_RX'
  addr = IMG_ADDR_RX;
         ^~~~~~~~~~~
In file included from D:\CreateIC\01_CPIPC\riscv\RISCV_ENC_20220421\Firmware_true\app_prj\app_demo\src\Bsp\Driver/system.h:15,
                 from D:\CreateIC\01_CPIPC\riscv\RISCV_ENC_20220421\Firmware_true\app_prj\app_demo\src\Bsp\Driver/platform.h:15,
                 from ../src/main.c:13:
D:\CreateIC\01_CPIPC\riscv\RISCV_ENC_20220421\Firmware_true\app_prj\app_demo\src\Bsp\Driver/hme_riscv.h:164:44: warning: cast to pointer from integer of different size [-Wint-to-pointer-cast]
 #define  ReadReg8(address)               (*(volatile uint8_t*)(address))
                                            ^
../src/main.c:61:12: note: in expansion of macro 'ReadReg8'
   rd_out = ReadReg8(addr);
            ^~~~~~~~
../src/main.c:62:10: warning: character constant too long for its type
   printf('ddr mem at %x is %x\n', addr+i, rd_out);
          ^~~~~~~~~~~~~~~~~~~~~~~
../src/main.c:62:10: warning: passing argument 1 of 'printf' makes pointer from integer without a cast [-Wint-conversion]
In file included from ../src/main.c:11:
d:\createic\01_cpipc\riscv\riscv_vex_env\gnu mcu eclipse\risc-v embedded gcc\riscv-xpack-toolchain_8.3.0-1.1_windows\riscv-none-embed\include\stdio.h:200:13: note: expected 'const char * restrict' but argument is of type 'int'
 int printf (const char *__restrict, ...)
             ^
Finished building: ../src/main.c
 
Building target: app_demo.elf
Invoking: GNU RISC-V Cross C Linker
riscv-none-embed-gcc -march=rv32im -mabi=ilp32 -mcmodel=medlow -msmall-data-limit=8 -mno-save-restore -O0 -fmessage-length=0 -fsigned-char -ffunction-sections -fdata-sections -fno-common  -g -T "D:\CreateIC\01_CPIPC\riscv\RISCV_ENC_20220421\Firmware_true\app_prj\app_demo\app.ld" -nostartfiles -Xlinker --gc-sections -Wl,-Map,"app_demo.map" --specs=nano.specs -o "app_demo.elf"  ./src/Bsp/libwrap/sys/_exit.o ./src/Bsp/libwrap/sys/close.o ./src/Bsp/libwrap/sys/execve.o ./src/Bsp/libwrap/sys/fork.o ./src/Bsp/libwrap/sys/fstat.o ./src/Bsp/libwrap/sys/getpid.o ./src/Bsp/libwrap/sys/isatty.o ./src/Bsp/libwrap/sys/kill.o ./src/Bsp/libwrap/sys/link.o ./src/Bsp/libwrap/sys/lseek.o ./src/Bsp/libwrap/sys/open.o ./src/Bsp/libwrap/sys/openat.o ./src/Bsp/libwrap/sys/read.o ./src/Bsp/libwrap/sys/sbrk.o ./src/Bsp/libwrap/sys/stat.o ./src/Bsp/libwrap/sys/times.o ./src/Bsp/libwrap/sys/unlink.o ./src/Bsp/libwrap/sys/wait.o ./src/Bsp/libwrap/sys/write.o  ./src/Bsp/libwrap/stdlib/malloc.o  ./src/Bsp/libwrap/misc/write_hex.o  ./src/Bsp/Driver/hme_gpio.o ./src/Bsp/Driver/hme_iic.o ./src/Bsp/Driver/hme_plic.o ./src/Bsp/Driver/hme_spi.o ./src/Bsp/Driver/hme_timer.o ./src/Bsp/Driver/hme_uart.o ./src/Bsp/Driver/spi_flash.o ./src/Bsp/Driver/system.o  ./src/Bsp/Core/start.o ./src/Bsp/Core/trap.o ./src/Bsp/Core/trap_handle.o  ./src/main.o   
Finished building target: app_demo.elf
 
Invoking: GNU RISC-V Cross Create Flash Image
riscv-none-embed-objcopy -O ihex "app_demo.elf"  "app_demo.hex"
Finished building: app_demo.hex
 
Invoking: GNU RISC-V Cross Create Listing
riscv-none-embed-objdump --source --all-headers --demangle --line-numbers --wide "app_demo.elf" > "app_demo.lst"
Finished building: app_demo.lst
 
Invoking: GNU RISC-V Cross Print Size
riscv-none-embed-size --format=berkeley "app_demo.elf"
   text	   data	    bss	    dec	    hex	filename
  16688	    906	 168164	 185758	  2d59e	app_demo.elf
Finished building: app_demo.siz
 
16:02:27 **** Incremental Build of configuration Debug for project app_demo ****
make all 
Building file: ../src/main.c
Invoking: GNU RISC-V Cross C Compiler
riscv-none-embed-gcc -march=rv32im -mabi=ilp32 -mcmodel=medlow -msmall-data-limit=8 -mno-save-restore -O0 -fmessage-length=0 -fsigned-char -ffunction-sections -fdata-sections -fno-common  -g -DUSE_FULL_ASSERT -I"D:\CreateIC\01_CPIPC\riscv\RISCV_ENC_20220421\Firmware_true\app_prj\app_demo\src\Bsp\Core" -I"D:\CreateIC\01_CPIPC\riscv\RISCV_ENC_20220421\Firmware_true\app_prj\app_demo\src\Bsp\libwrap\sys" -I"D:\CreateIC\01_CPIPC\riscv\RISCV_ENC_20220421\Firmware_true\app_prj\app_demo\src\Bsp\libwrap\stdlib" -I"D:\CreateIC\01_CPIPC\riscv\RISCV_ENC_20220421\Firmware_true\app_prj\app_demo\src\Bsp\libwrap\misc" -I"D:\CreateIC\01_CPIPC\riscv\RISCV_ENC_20220421\Firmware_true\app_prj\app_demo\src\Bsp\Driver" -std=gnu11 -MMD -MP -MF"src/main.d" -MT"src/main.o" -c -o "src/main.o" "../src/main.c"
../src/main.c: In function 'ddr_read_write_test':
../src/main.c:16:22: warning: initialization of 'uint8_t *' {aka 'unsigned char *'} from 'int' makes pointer from integer without a cast [-Wint-conversion]
 #define IMG_ADDR_RX  0x03C00000
                      ^~~~~~~~~~
../src/main.c:51:18: note: in expansion of macro 'IMG_ADDR_RX'
  uint8_t* addr = IMG_ADDR_RX;
                  ^~~~~~~~~~~
../src/main.c:59:7: warning: assignment to 'uint8_t *' {aka 'unsigned char *'} from 'int' makes pointer from integer without a cast [-Wint-conversion]
  addr = IMG_ADDR_RX;
       ^
../src/main.c:62:10: warning: character constant too long for its type
   printf('ddr mem at %x is %x\n', addr+i, rd_out);
          ^~~~~~~~~~~~~~~~~~~~~~~
../src/main.c:62:10: warning: passing argument 1 of 'printf' makes pointer from integer without a cast [-Wint-conversion]
In file included from ../src/main.c:11:
d:\createic\01_cpipc\riscv\riscv_vex_env\gnu mcu eclipse\risc-v embedded gcc\riscv-xpack-toolchain_8.3.0-1.1_windows\riscv-none-embed\include\stdio.h:200:13: note: expected 'const char * restrict' but argument is of type 'int'
 int printf (const char *__restrict, ...)
             ^
Finished building: ../src/main.c
 
Building target: app_demo.elf
Invoking: GNU RISC-V Cross C Linker
riscv-none-embed-gcc -march=rv32im -mabi=ilp32 -mcmodel=medlow -msmall-data-limit=8 -mno-save-restore -O0 -fmessage-length=0 -fsigned-char -ffunction-sections -fdata-sections -fno-common  -g -T "D:\CreateIC\01_CPIPC\riscv\RISCV_ENC_20220421\Firmware_true\app_prj\app_demo\app.ld" -nostartfiles -Xlinker --gc-sections -Wl,-Map,"app_demo.map" --specs=nano.specs -o "app_demo.elf"  ./src/Bsp/libwrap/sys/_exit.o ./src/Bsp/libwrap/sys/close.o ./src/Bsp/libwrap/sys/execve.o ./src/Bsp/libwrap/sys/fork.o ./src/Bsp/libwrap/sys/fstat.o ./src/Bsp/libwrap/sys/getpid.o ./src/Bsp/libwrap/sys/isatty.o ./src/Bsp/libwrap/sys/kill.o ./src/Bsp/libwrap/sys/link.o ./src/Bsp/libwrap/sys/lseek.o ./src/Bsp/libwrap/sys/open.o ./src/Bsp/libwrap/sys/openat.o ./src/Bsp/libwrap/sys/read.o ./src/Bsp/libwrap/sys/sbrk.o ./src/Bsp/libwrap/sys/stat.o ./src/Bsp/libwrap/sys/times.o ./src/Bsp/libwrap/sys/unlink.o ./src/Bsp/libwrap/sys/wait.o ./src/Bsp/libwrap/sys/write.o  ./src/Bsp/libwrap/stdlib/malloc.o  ./src/Bsp/libwrap/misc/write_hex.o  ./src/Bsp/Driver/hme_gpio.o ./src/Bsp/Driver/hme_iic.o ./src/Bsp/Driver/hme_plic.o ./src/Bsp/Driver/hme_spi.o ./src/Bsp/Driver/hme_timer.o ./src/Bsp/Driver/hme_uart.o ./src/Bsp/Driver/spi_flash.o ./src/Bsp/Driver/system.o  ./src/Bsp/Core/start.o ./src/Bsp/Core/trap.o ./src/Bsp/Core/trap_handle.o  ./src/main.o   
Finished building target: app_demo.elf
 
Invoking: GNU RISC-V Cross Create Flash Image
riscv-none-embed-objcopy -O ihex "app_demo.elf"  "app_demo.hex"
Finished building: app_demo.hex
 
Invoking: GNU RISC-V Cross Create Listing
riscv-none-embed-objdump --source --all-headers --demangle --line-numbers --wide "app_demo.elf" > "app_demo.lst"
Finished building: app_demo.lst
 
Invoking: GNU RISC-V Cross Print Size
riscv-none-embed-size --format=berkeley "app_demo.elf"
   text	   data	    bss	    dec	    hex	filename
  16692	    910	 168164	 185766	  2d5a6	app_demo.elf
Finished building: app_demo.siz
 
16:02:50 **** Incremental Build of configuration Debug for project app_demo ****
make all 
Building file: ../src/main.c
Invoking: GNU RISC-V Cross C Compiler
riscv-none-embed-gcc -march=rv32im -mabi=ilp32 -mcmodel=medlow -msmall-data-limit=8 -mno-save-restore -O0 -fmessage-length=0 -fsigned-char -ffunction-sections -fdata-sections -fno-common  -g -DUSE_FULL_ASSERT -I"D:\CreateIC\01_CPIPC\riscv\RISCV_ENC_20220421\Firmware_true\app_prj\app_demo\src\Bsp\Core" -I"D:\CreateIC\01_CPIPC\riscv\RISCV_ENC_20220421\Firmware_true\app_prj\app_demo\src\Bsp\libwrap\sys" -I"D:\CreateIC\01_CPIPC\riscv\RISCV_ENC_20220421\Firmware_true\app_prj\app_demo\src\Bsp\libwrap\stdlib" -I"D:\CreateIC\01_CPIPC\riscv\RISCV_ENC_20220421\Firmware_true\app_prj\app_demo\src\Bsp\libwrap\misc" -I"D:\CreateIC\01_CPIPC\riscv\RISCV_ENC_20220421\Firmware_true\app_prj\app_demo\src\Bsp\Driver" -std=gnu11 -MMD -MP -MF"src/main.d" -MT"src/main.o" -c -o "src/main.o" "../src/main.c"
../src/main.c: In function 'ddr_read_write_test':
../src/main.c:16:22: warning: initialization of 'uint8_t *' {aka 'unsigned char *'} from 'int' makes pointer from integer without a cast [-Wint-conversion]
 #define IMG_ADDR_RX  0x03C00000
                      ^~~~~~~~~~
../src/main.c:51:18: note: in expansion of macro 'IMG_ADDR_RX'
  uint8_t* addr = IMG_ADDR_RX;
                  ^~~~~~~~~~~
../src/main.c:62:10: warning: character constant too long for its type
   printf('ddr mem at %x is %x\n', addr+i, rd_out);
          ^~~~~~~~~~~~~~~~~~~~~~~
../src/main.c:62:10: warning: passing argument 1 of 'printf' makes pointer from integer without a cast [-Wint-conversion]
In file included from ../src/main.c:11:
d:\createic\01_cpipc\riscv\riscv_vex_env\gnu mcu eclipse\risc-v embedded gcc\riscv-xpack-toolchain_8.3.0-1.1_windows\riscv-none-embed\include\stdio.h:200:13: note: expected 'const char * restrict' but argument is of type 'int'
 int printf (const char *__restrict, ...)
             ^
Finished building: ../src/main.c
 
Building target: app_demo.elf
Invoking: GNU RISC-V Cross C Linker
riscv-none-embed-gcc -march=rv32im -mabi=ilp32 -mcmodel=medlow -msmall-data-limit=8 -mno-save-restore -O0 -fmessage-length=0 -fsigned-char -ffunction-sections -fdata-sections -fno-common  -g -T "D:\CreateIC\01_CPIPC\riscv\RISCV_ENC_20220421\Firmware_true\app_prj\app_demo\app.ld" -nostartfiles -Xlinker --gc-sections -Wl,-Map,"app_demo.map" --specs=nano.specs -o "app_demo.elf"  ./src/Bsp/libwrap/sys/_exit.o ./src/Bsp/libwrap/sys/close.o ./src/Bsp/libwrap/sys/execve.o ./src/Bsp/libwrap/sys/fork.o ./src/Bsp/libwrap/sys/fstat.o ./src/Bsp/libwrap/sys/getpid.o ./src/Bsp/libwrap/sys/isatty.o ./src/Bsp/libwrap/sys/kill.o ./src/Bsp/libwrap/sys/link.o ./src/Bsp/libwrap/sys/lseek.o ./src/Bsp/libwrap/sys/open.o ./src/Bsp/libwrap/sys/openat.o ./src/Bsp/libwrap/sys/read.o ./src/Bsp/libwrap/sys/sbrk.o ./src/Bsp/libwrap/sys/stat.o ./src/Bsp/libwrap/sys/times.o ./src/Bsp/libwrap/sys/unlink.o ./src/Bsp/libwrap/sys/wait.o ./src/Bsp/libwrap/sys/write.o  ./src/Bsp/libwrap/stdlib/malloc.o  ./src/Bsp/libwrap/misc/write_hex.o  ./src/Bsp/Driver/hme_gpio.o ./src/Bsp/Driver/hme_iic.o ./src/Bsp/Driver/hme_plic.o ./src/Bsp/Driver/hme_spi.o ./src/Bsp/Driver/hme_timer.o ./src/Bsp/Driver/hme_uart.o ./src/Bsp/Driver/spi_flash.o ./src/Bsp/Driver/system.o  ./src/Bsp/Core/start.o ./src/Bsp/Core/trap.o ./src/Bsp/Core/trap_handle.o  ./src/main.o   
Finished building target: app_demo.elf
 
Invoking: GNU RISC-V Cross Create Flash Image
riscv-none-embed-objcopy -O ihex "app_demo.elf"  "app_demo.hex"
Finished building: app_demo.hex
 
Invoking: GNU RISC-V Cross Create Listing
riscv-none-embed-objdump --source --all-headers --demangle --line-numbers --wide "app_demo.elf" > "app_demo.lst"
Finished building: app_demo.lst
 
Invoking: GNU RISC-V Cross Print Size
riscv-none-embed-size --format=berkeley "app_demo.elf"
   text	   data	    bss	    dec	    hex	filename
  16692	    910	 168164	 185766	  2d5a6	app_demo.elf
Finished building: app_demo.siz
 
16:03:11 **** Incremental Build of configuration Debug for project app_demo ****
make all 
Building file: ../src/main.c
Invoking: GNU RISC-V Cross C Compiler
riscv-none-embed-gcc -march=rv32im -mabi=ilp32 -mcmodel=medlow -msmall-data-limit=8 -mno-save-restore -O0 -fmessage-length=0 -fsigned-char -ffunction-sections -fdata-sections -fno-common  -g -DUSE_FULL_ASSERT -I"D:\CreateIC\01_CPIPC\riscv\RISCV_ENC_20220421\Firmware_true\app_prj\app_demo\src\Bsp\Core" -I"D:\CreateIC\01_CPIPC\riscv\RISCV_ENC_20220421\Firmware_true\app_prj\app_demo\src\Bsp\libwrap\sys" -I"D:\CreateIC\01_CPIPC\riscv\RISCV_ENC_20220421\Firmware_true\app_prj\app_demo\src\Bsp\libwrap\stdlib" -I"D:\CreateIC\01_CPIPC\riscv\RISCV_ENC_20220421\Firmware_true\app_prj\app_demo\src\Bsp\libwrap\misc" -I"D:\CreateIC\01_CPIPC\riscv\RISCV_ENC_20220421\Firmware_true\app_prj\app_demo\src\Bsp\Driver" -std=gnu11 -MMD -MP -MF"src/main.d" -MT"src/main.o" -c -o "src/main.o" "../src/main.c"
../src/main.c: In function 'ddr_read_write_test':
../src/main.c:62:10: warning: character constant too long for its type
   printf('ddr mem at %x is %x\n', addr+i, rd_out);
          ^~~~~~~~~~~~~~~~~~~~~~~
../src/main.c:62:10: warning: passing argument 1 of 'printf' makes pointer from integer without a cast [-Wint-conversion]
In file included from ../src/main.c:11:
d:\createic\01_cpipc\riscv\riscv_vex_env\gnu mcu eclipse\risc-v embedded gcc\riscv-xpack-toolchain_8.3.0-1.1_windows\riscv-none-embed\include\stdio.h:200:13: note: expected 'const char * restrict' but argument is of type 'int'
 int printf (const char *__restrict, ...)
             ^
Finished building: ../src/main.c
 
Building target: app_demo.elf
Invoking: GNU RISC-V Cross C Linker
riscv-none-embed-gcc -march=rv32im -mabi=ilp32 -mcmodel=medlow -msmall-data-limit=8 -mno-save-restore -O0 -fmessage-length=0 -fsigned-char -ffunction-sections -fdata-sections -fno-common  -g -T "D:\CreateIC\01_CPIPC\riscv\RISCV_ENC_20220421\Firmware_true\app_prj\app_demo\app.ld" -nostartfiles -Xlinker --gc-sections -Wl,-Map,"app_demo.map" --specs=nano.specs -o "app_demo.elf"  ./src/Bsp/libwrap/sys/_exit.o ./src/Bsp/libwrap/sys/close.o ./src/Bsp/libwrap/sys/execve.o ./src/Bsp/libwrap/sys/fork.o ./src/Bsp/libwrap/sys/fstat.o ./src/Bsp/libwrap/sys/getpid.o ./src/Bsp/libwrap/sys/isatty.o ./src/Bsp/libwrap/sys/kill.o ./src/Bsp/libwrap/sys/link.o ./src/Bsp/libwrap/sys/lseek.o ./src/Bsp/libwrap/sys/open.o ./src/Bsp/libwrap/sys/openat.o ./src/Bsp/libwrap/sys/read.o ./src/Bsp/libwrap/sys/sbrk.o ./src/Bsp/libwrap/sys/stat.o ./src/Bsp/libwrap/sys/times.o ./src/Bsp/libwrap/sys/unlink.o ./src/Bsp/libwrap/sys/wait.o ./src/Bsp/libwrap/sys/write.o  ./src/Bsp/libwrap/stdlib/malloc.o  ./src/Bsp/libwrap/misc/write_hex.o  ./src/Bsp/Driver/hme_gpio.o ./src/Bsp/Driver/hme_iic.o ./src/Bsp/Driver/hme_plic.o ./src/Bsp/Driver/hme_spi.o ./src/Bsp/Driver/hme_timer.o ./src/Bsp/Driver/hme_uart.o ./src/Bsp/Driver/spi_flash.o ./src/Bsp/Driver/system.o  ./src/Bsp/Core/start.o ./src/Bsp/Core/trap.o ./src/Bsp/Core/trap_handle.o  ./src/main.o   
Finished building target: app_demo.elf
 
Invoking: GNU RISC-V Cross Create Flash Image
riscv-none-embed-objcopy -O ihex "app_demo.elf"  "app_demo.hex"
Finished building: app_demo.hex
 
Invoking: GNU RISC-V Cross Create Listing
riscv-none-embed-objdump --source --all-headers --demangle --line-numbers --wide "app_demo.elf" > "app_demo.lst"
Finished building: app_demo.lst
 
Invoking: GNU RISC-V Cross Print Size
riscv-none-embed-size --format=berkeley "app_demo.elf"
   text	   data	    bss	    dec	    hex	filename
  16692	    910	 168164	 185766	  2d5a6	app_demo.elf
Finished building: app_demo.siz
 
16:03:55 **** Incremental Build of configuration Debug for project app_demo ****
make all 
Building file: ../src/main.c
Invoking: GNU RISC-V Cross C Compiler
riscv-none-embed-gcc -march=rv32im -mabi=ilp32 -mcmodel=medlow -msmall-data-limit=8 -mno-save-restore -O0 -fmessage-length=0 -fsigned-char -ffunction-sections -fdata-sections -fno-common  -g -DUSE_FULL_ASSERT -I"D:\CreateIC\01_CPIPC\riscv\RISCV_ENC_20220421\Firmware_true\app_prj\app_demo\src\Bsp\Core" -I"D:\CreateIC\01_CPIPC\riscv\RISCV_ENC_20220421\Firmware_true\app_prj\app_demo\src\Bsp\libwrap\sys" -I"D:\CreateIC\01_CPIPC\riscv\RISCV_ENC_20220421\Firmware_true\app_prj\app_demo\src\Bsp\libwrap\stdlib" -I"D:\CreateIC\01_CPIPC\riscv\RISCV_ENC_20220421\Firmware_true\app_prj\app_demo\src\Bsp\libwrap\misc" -I"D:\CreateIC\01_CPIPC\riscv\RISCV_ENC_20220421\Firmware_true\app_prj\app_demo\src\Bsp\Driver" -std=gnu11 -MMD -MP -MF"src/main.d" -MT"src/main.o" -c -o "src/main.o" "../src/main.c"
../src/main.c: In function 'ddr_read_write_test':
../src/main.c:62:10: warning: character constant too long for its type
   printf('ddr mem at %x is %x\n', (uint32_t)addr+i, rd_out);
          ^~~~~~~~~~~~~~~~~~~~~~~
../src/main.c:62:10: warning: passing argument 1 of 'printf' makes pointer from integer without a cast [-Wint-conversion]
In file included from ../src/main.c:11:
d:\createic\01_cpipc\riscv\riscv_vex_env\gnu mcu eclipse\risc-v embedded gcc\riscv-xpack-toolchain_8.3.0-1.1_windows\riscv-none-embed\include\stdio.h:200:13: note: expected 'const char * restrict' but argument is of type 'int'
 int printf (const char *__restrict, ...)
             ^
Finished building: ../src/main.c
 
Building target: app_demo.elf
Invoking: GNU RISC-V Cross C Linker
riscv-none-embed-gcc -march=rv32im -mabi=ilp32 -mcmodel=medlow -msmall-data-limit=8 -mno-save-restore -O0 -fmessage-length=0 -fsigned-char -ffunction-sections -fdata-sections -fno-common  -g -T "D:\CreateIC\01_CPIPC\riscv\RISCV_ENC_20220421\Firmware_true\app_prj\app_demo\app.ld" -nostartfiles -Xlinker --gc-sections -Wl,-Map,"app_demo.map" --specs=nano.specs -o "app_demo.elf"  ./src/Bsp/libwrap/sys/_exit.o ./src/Bsp/libwrap/sys/close.o ./src/Bsp/libwrap/sys/execve.o ./src/Bsp/libwrap/sys/fork.o ./src/Bsp/libwrap/sys/fstat.o ./src/Bsp/libwrap/sys/getpid.o ./src/Bsp/libwrap/sys/isatty.o ./src/Bsp/libwrap/sys/kill.o ./src/Bsp/libwrap/sys/link.o ./src/Bsp/libwrap/sys/lseek.o ./src/Bsp/libwrap/sys/open.o ./src/Bsp/libwrap/sys/openat.o ./src/Bsp/libwrap/sys/read.o ./src/Bsp/libwrap/sys/sbrk.o ./src/Bsp/libwrap/sys/stat.o ./src/Bsp/libwrap/sys/times.o ./src/Bsp/libwrap/sys/unlink.o ./src/Bsp/libwrap/sys/wait.o ./src/Bsp/libwrap/sys/write.o  ./src/Bsp/libwrap/stdlib/malloc.o  ./src/Bsp/libwrap/misc/write_hex.o  ./src/Bsp/Driver/hme_gpio.o ./src/Bsp/Driver/hme_iic.o ./src/Bsp/Driver/hme_plic.o ./src/Bsp/Driver/hme_spi.o ./src/Bsp/Driver/hme_timer.o ./src/Bsp/Driver/hme_uart.o ./src/Bsp/Driver/spi_flash.o ./src/Bsp/Driver/system.o  ./src/Bsp/Core/start.o ./src/Bsp/Core/trap.o ./src/Bsp/Core/trap_handle.o  ./src/main.o   
Finished building target: app_demo.elf
 
Invoking: GNU RISC-V Cross Create Flash Image
riscv-none-embed-objcopy -O ihex "app_demo.elf"  "app_demo.hex"
Finished building: app_demo.hex
 
Invoking: GNU RISC-V Cross Create Listing
riscv-none-embed-objdump --source --all-headers --demangle --line-numbers --wide "app_demo.elf" > "app_demo.lst"
Finished building: app_demo.lst
 
Invoking: GNU RISC-V Cross Print Size
riscv-none-embed-size --format=berkeley "app_demo.elf"
   text	   data	    bss	    dec	    hex	filename
  16692	    910	 168164	 185766	  2d5a6	app_demo.elf
Finished building: app_demo.siz
 
16:04:03 **** Incremental Build of configuration Debug for project app_demo ****
make all 
Building file: ../src/main.c
Invoking: GNU RISC-V Cross C Compiler
riscv-none-embed-gcc -march=rv32im -mabi=ilp32 -mcmodel=medlow -msmall-data-limit=8 -mno-save-restore -O0 -fmessage-length=0 -fsigned-char -ffunction-sections -fdata-sections -fno-common  -g -DUSE_FULL_ASSERT -I"D:\CreateIC\01_CPIPC\riscv\RISCV_ENC_20220421\Firmware_true\app_prj\app_demo\src\Bsp\Core" -I"D:\CreateIC\01_CPIPC\riscv\RISCV_ENC_20220421\Firmware_true\app_prj\app_demo\src\Bsp\libwrap\sys" -I"D:\CreateIC\01_CPIPC\riscv\RISCV_ENC_20220421\Firmware_true\app_prj\app_demo\src\Bsp\libwrap\stdlib" -I"D:\CreateIC\01_CPIPC\riscv\RISCV_ENC_20220421\Firmware_true\app_prj\app_demo\src\Bsp\libwrap\misc" -I"D:\CreateIC\01_CPIPC\riscv\RISCV_ENC_20220421\Firmware_true\app_prj\app_demo\src\Bsp\Driver" -std=gnu11 -MMD -MP -MF"src/main.d" -MT"src/main.o" -c -o "src/main.o" "../src/main.c"
../src/main.c: In function 'ddr_read_write_test':
../src/main.c:62:10: warning: character constant too long for its type
   printf('ddr mem at %x is %x\n', (uint32_t)(addr+i), rd_out);
          ^~~~~~~~~~~~~~~~~~~~~~~
../src/main.c:62:10: warning: passing argument 1 of 'printf' makes pointer from integer without a cast [-Wint-conversion]
In file included from ../src/main.c:11:
d:\createic\01_cpipc\riscv\riscv_vex_env\gnu mcu eclipse\risc-v embedded gcc\riscv-xpack-toolchain_8.3.0-1.1_windows\riscv-none-embed\include\stdio.h:200:13: note: expected 'const char * restrict' but argument is of type 'int'
 int printf (const char *__restrict, ...)
             ^
Finished building: ../src/main.c
 
Building target: app_demo.elf
Invoking: GNU RISC-V Cross C Linker
riscv-none-embed-gcc -march=rv32im -mabi=ilp32 -mcmodel=medlow -msmall-data-limit=8 -mno-save-restore -O0 -fmessage-length=0 -fsigned-char -ffunction-sections -fdata-sections -fno-common  -g -T "D:\CreateIC\01_CPIPC\riscv\RISCV_ENC_20220421\Firmware_true\app_prj\app_demo\app.ld" -nostartfiles -Xlinker --gc-sections -Wl,-Map,"app_demo.map" --specs=nano.specs -o "app_demo.elf"  ./src/Bsp/libwrap/sys/_exit.o ./src/Bsp/libwrap/sys/close.o ./src/Bsp/libwrap/sys/execve.o ./src/Bsp/libwrap/sys/fork.o ./src/Bsp/libwrap/sys/fstat.o ./src/Bsp/libwrap/sys/getpid.o ./src/Bsp/libwrap/sys/isatty.o ./src/Bsp/libwrap/sys/kill.o ./src/Bsp/libwrap/sys/link.o ./src/Bsp/libwrap/sys/lseek.o ./src/Bsp/libwrap/sys/open.o ./src/Bsp/libwrap/sys/openat.o ./src/Bsp/libwrap/sys/read.o ./src/Bsp/libwrap/sys/sbrk.o ./src/Bsp/libwrap/sys/stat.o ./src/Bsp/libwrap/sys/times.o ./src/Bsp/libwrap/sys/unlink.o ./src/Bsp/libwrap/sys/wait.o ./src/Bsp/libwrap/sys/write.o  ./src/Bsp/libwrap/stdlib/malloc.o  ./src/Bsp/libwrap/misc/write_hex.o  ./src/Bsp/Driver/hme_gpio.o ./src/Bsp/Driver/hme_iic.o ./src/Bsp/Driver/hme_plic.o ./src/Bsp/Driver/hme_spi.o ./src/Bsp/Driver/hme_timer.o ./src/Bsp/Driver/hme_uart.o ./src/Bsp/Driver/spi_flash.o ./src/Bsp/Driver/system.o  ./src/Bsp/Core/start.o ./src/Bsp/Core/trap.o ./src/Bsp/Core/trap_handle.o  ./src/main.o   
Finished building target: app_demo.elf
 
Invoking: GNU RISC-V Cross Create Flash Image
riscv-none-embed-objcopy -O ihex "app_demo.elf"  "app_demo.hex"
Finished building: app_demo.hex
 
Invoking: GNU RISC-V Cross Create Listing
riscv-none-embed-objdump --source --all-headers --demangle --line-numbers --wide "app_demo.elf" > "app_demo.lst"
Finished building: app_demo.lst
 
Invoking: GNU RISC-V Cross Print Size
riscv-none-embed-size --format=berkeley "app_demo.elf"
   text	   data	    bss	    dec	    hex	filename
  16696	    906	 168164	 185766	  2d5a6	app_demo.elf
Finished building: app_demo.siz
 
16:04:23 **** Incremental Build of configuration Debug for project app_demo ****
make all 
Building file: ../src/main.c
Invoking: GNU RISC-V Cross C Compiler
riscv-none-embed-gcc -march=rv32im -mabi=ilp32 -mcmodel=medlow -msmall-data-limit=8 -mno-save-restore -O0 -fmessage-length=0 -fsigned-char -ffunction-sections -fdata-sections -fno-common  -g -DUSE_FULL_ASSERT -I"D:\CreateIC\01_CPIPC\riscv\RISCV_ENC_20220421\Firmware_true\app_prj\app_demo\src\Bsp\Core" -I"D:\CreateIC\01_CPIPC\riscv\RISCV_ENC_20220421\Firmware_true\app_prj\app_demo\src\Bsp\libwrap\sys" -I"D:\CreateIC\01_CPIPC\riscv\RISCV_ENC_20220421\Firmware_true\app_prj\app_demo\src\Bsp\libwrap\stdlib" -I"D:\CreateIC\01_CPIPC\riscv\RISCV_ENC_20220421\Firmware_true\app_prj\app_demo\src\Bsp\libwrap\misc" -I"D:\CreateIC\01_CPIPC\riscv\RISCV_ENC_20220421\Firmware_true\app_prj\app_demo\src\Bsp\Driver" -std=gnu11 -MMD -MP -MF"src/main.d" -MT"src/main.o" -c -o "src/main.o" "../src/main.c"
../src/main.c: In function 'ddr_read_write_test':
../src/main.c:62:10: warning: character constant too long for its type
   printf('ddr mem at %x is %x\n', (uint8_t*)(addr+i), rd_out);
          ^~~~~~~~~~~~~~~~~~~~~~~
../src/main.c:62:10: warning: passing argument 1 of 'printf' makes pointer from integer without a cast [-Wint-conversion]
In file included from ../src/main.c:11:
d:\createic\01_cpipc\riscv\riscv_vex_env\gnu mcu eclipse\risc-v embedded gcc\riscv-xpack-toolchain_8.3.0-1.1_windows\riscv-none-embed\include\stdio.h:200:13: note: expected 'const char * restrict' but argument is of type 'int'
 int printf (const char *__restrict, ...)
             ^
Finished building: ../src/main.c
 
Building target: app_demo.elf
Invoking: GNU RISC-V Cross C Linker
riscv-none-embed-gcc -march=rv32im -mabi=ilp32 -mcmodel=medlow -msmall-data-limit=8 -mno-save-restore -O0 -fmessage-length=0 -fsigned-char -ffunction-sections -fdata-sections -fno-common  -g -T "D:\CreateIC\01_CPIPC\riscv\RISCV_ENC_20220421\Firmware_true\app_prj\app_demo\app.ld" -nostartfiles -Xlinker --gc-sections -Wl,-Map,"app_demo.map" --specs=nano.specs -o "app_demo.elf"  ./src/Bsp/libwrap/sys/_exit.o ./src/Bsp/libwrap/sys/close.o ./src/Bsp/libwrap/sys/execve.o ./src/Bsp/libwrap/sys/fork.o ./src/Bsp/libwrap/sys/fstat.o ./src/Bsp/libwrap/sys/getpid.o ./src/Bsp/libwrap/sys/isatty.o ./src/Bsp/libwrap/sys/kill.o ./src/Bsp/libwrap/sys/link.o ./src/Bsp/libwrap/sys/lseek.o ./src/Bsp/libwrap/sys/open.o ./src/Bsp/libwrap/sys/openat.o ./src/Bsp/libwrap/sys/read.o ./src/Bsp/libwrap/sys/sbrk.o ./src/Bsp/libwrap/sys/stat.o ./src/Bsp/libwrap/sys/times.o ./src/Bsp/libwrap/sys/unlink.o ./src/Bsp/libwrap/sys/wait.o ./src/Bsp/libwrap/sys/write.o  ./src/Bsp/libwrap/stdlib/malloc.o  ./src/Bsp/libwrap/misc/write_hex.o  ./src/Bsp/Driver/hme_gpio.o ./src/Bsp/Driver/hme_iic.o ./src/Bsp/Driver/hme_plic.o ./src/Bsp/Driver/hme_spi.o ./src/Bsp/Driver/hme_timer.o ./src/Bsp/Driver/hme_uart.o ./src/Bsp/Driver/spi_flash.o ./src/Bsp/Driver/system.o  ./src/Bsp/Core/start.o ./src/Bsp/Core/trap.o ./src/Bsp/Core/trap_handle.o  ./src/main.o   
Finished building target: app_demo.elf
 
Invoking: GNU RISC-V Cross Create Flash Image
riscv-none-embed-objcopy -O ihex "app_demo.elf"  "app_demo.hex"
Finished building: app_demo.hex
 
Invoking: GNU RISC-V Cross Create Listing
riscv-none-embed-objdump --source --all-headers --demangle --line-numbers --wide "app_demo.elf" > "app_demo.lst"
Finished building: app_demo.lst
 
Invoking: GNU RISC-V Cross Print Size
riscv-none-embed-size --format=berkeley "app_demo.elf"
   text	   data	    bss	    dec	    hex	filename
  16692	    910	 168164	 185766	  2d5a6	app_demo.elf
Finished building: app_demo.siz
 
16:04:36 **** Incremental Build of configuration Debug for project app_demo ****
make all 
Building file: ../src/main.c
Invoking: GNU RISC-V Cross C Compiler
riscv-none-embed-gcc -march=rv32im -mabi=ilp32 -mcmodel=medlow -msmall-data-limit=8 -mno-save-restore -O0 -fmessage-length=0 -fsigned-char -ffunction-sections -fdata-sections -fno-common  -g -DUSE_FULL_ASSERT -I"D:\CreateIC\01_CPIPC\riscv\RISCV_ENC_20220421\Firmware_true\app_prj\app_demo\src\Bsp\Core" -I"D:\CreateIC\01_CPIPC\riscv\RISCV_ENC_20220421\Firmware_true\app_prj\app_demo\src\Bsp\libwrap\sys" -I"D:\CreateIC\01_CPIPC\riscv\RISCV_ENC_20220421\Firmware_true\app_prj\app_demo\src\Bsp\libwrap\stdlib" -I"D:\CreateIC\01_CPIPC\riscv\RISCV_ENC_20220421\Firmware_true\app_prj\app_demo\src\Bsp\libwrap\misc" -I"D:\CreateIC\01_CPIPC\riscv\RISCV_ENC_20220421\Firmware_true\app_prj\app_demo\src\Bsp\Driver" -std=gnu11 -MMD -MP -MF"src/main.d" -MT"src/main.o" -c -o "src/main.o" "../src/main.c"
../src/main.c: In function 'ddr_read_write_test':
../src/main.c:62:10: warning: character constant too long for its type
   printf('ddr mem at %x is %x\n', (uint8_t*)addr, rd_out);
          ^~~~~~~~~~~~~~~~~~~~~~~
../src/main.c:62:10: warning: passing argument 1 of 'printf' makes pointer from integer without a cast [-Wint-conversion]
In file included from ../src/main.c:11:
d:\createic\01_cpipc\riscv\riscv_vex_env\gnu mcu eclipse\risc-v embedded gcc\riscv-xpack-toolchain_8.3.0-1.1_windows\riscv-none-embed\include\stdio.h:200:13: note: expected 'const char * restrict' but argument is of type 'int'
 int printf (const char *__restrict, ...)
             ^
Finished building: ../src/main.c
 
Building target: app_demo.elf
Invoking: GNU RISC-V Cross C Linker
riscv-none-embed-gcc -march=rv32im -mabi=ilp32 -mcmodel=medlow -msmall-data-limit=8 -mno-save-restore -O0 -fmessage-length=0 -fsigned-char -ffunction-sections -fdata-sections -fno-common  -g -T "D:\CreateIC\01_CPIPC\riscv\RISCV_ENC_20220421\Firmware_true\app_prj\app_demo\app.ld" -nostartfiles -Xlinker --gc-sections -Wl,-Map,"app_demo.map" --specs=nano.specs -o "app_demo.elf"  ./src/Bsp/libwrap/sys/_exit.o ./src/Bsp/libwrap/sys/close.o ./src/Bsp/libwrap/sys/execve.o ./src/Bsp/libwrap/sys/fork.o ./src/Bsp/libwrap/sys/fstat.o ./src/Bsp/libwrap/sys/getpid.o ./src/Bsp/libwrap/sys/isatty.o ./src/Bsp/libwrap/sys/kill.o ./src/Bsp/libwrap/sys/link.o ./src/Bsp/libwrap/sys/lseek.o ./src/Bsp/libwrap/sys/open.o ./src/Bsp/libwrap/sys/openat.o ./src/Bsp/libwrap/sys/read.o ./src/Bsp/libwrap/sys/sbrk.o ./src/Bsp/libwrap/sys/stat.o ./src/Bsp/libwrap/sys/times.o ./src/Bsp/libwrap/sys/unlink.o ./src/Bsp/libwrap/sys/wait.o ./src/Bsp/libwrap/sys/write.o  ./src/Bsp/libwrap/stdlib/malloc.o  ./src/Bsp/libwrap/misc/write_hex.o  ./src/Bsp/Driver/hme_gpio.o ./src/Bsp/Driver/hme_iic.o ./src/Bsp/Driver/hme_plic.o ./src/Bsp/Driver/hme_spi.o ./src/Bsp/Driver/hme_timer.o ./src/Bsp/Driver/hme_uart.o ./src/Bsp/Driver/spi_flash.o ./src/Bsp/Driver/system.o  ./src/Bsp/Core/start.o ./src/Bsp/Core/trap.o ./src/Bsp/Core/trap_handle.o  ./src/main.o   
Finished building target: app_demo.elf
 
Invoking: GNU RISC-V Cross Create Flash Image
riscv-none-embed-objcopy -O ihex "app_demo.elf"  "app_demo.hex"
Finished building: app_demo.hex
 
Invoking: GNU RISC-V Cross Create Listing
riscv-none-embed-objdump --source --all-headers --demangle --line-numbers --wide "app_demo.elf" > "app_demo.lst"
Finished building: app_demo.lst
 
Invoking: GNU RISC-V Cross Print Size
riscv-none-embed-size --format=berkeley "app_demo.elf"
   text	   data	    bss	    dec	    hex	filename
  16680	    906	 168164	 185750	  2d596	app_demo.elf
Finished building: app_demo.siz
 
16:05:04 **** Incremental Build of configuration Debug for project app_demo ****
make all 
Building file: ../src/main.c
Invoking: GNU RISC-V Cross C Compiler
riscv-none-embed-gcc -march=rv32im -mabi=ilp32 -mcmodel=medlow -msmall-data-limit=8 -mno-save-restore -O0 -fmessage-length=0 -fsigned-char -ffunction-sections -fdata-sections -fno-common  -g -DUSE_FULL_ASSERT -I"D:\CreateIC\01_CPIPC\riscv\RISCV_ENC_20220421\Firmware_true\app_prj\app_demo\src\Bsp\Core" -I"D:\CreateIC\01_CPIPC\riscv\RISCV_ENC_20220421\Firmware_true\app_prj\app_demo\src\Bsp\libwrap\sys" -I"D:\CreateIC\01_CPIPC\riscv\RISCV_ENC_20220421\Firmware_true\app_prj\app_demo\src\Bsp\libwrap\stdlib" -I"D:\CreateIC\01_CPIPC\riscv\RISCV_ENC_20220421\Firmware_true\app_prj\app_demo\src\Bsp\libwrap\misc" -I"D:\CreateIC\01_CPIPC\riscv\RISCV_ENC_20220421\Firmware_true\app_prj\app_demo\src\Bsp\Driver" -std=gnu11 -MMD -MP -MF"src/main.d" -MT"src/main.o" -c -o "src/main.o" "../src/main.c"
../src/main.c: In function 'ddr_read_write_test':
../src/main.c:62:10: warning: character constant too long for its type
   printf('ddr mem at %8x is %x\n', addr, rd_out);
          ^~~~~~~~~~~~~~~~~~~~~~~~
[...]
Invoking: GNU RISC-V Cross C Compiler
riscv-none-embed-gcc -march=rv32im -mabi=ilp32 -mcmodel=medlow -msmall-data-limit=8 -mno-save-restore -O0 -fmessage-length=0 -fsigned-char -ffunction-sections -fdata-sections -fno-common  -g -DUSE_FULL_ASSERT -I"D:\CreateIC\01_CPIPC\riscv\RISCV_ENC_20220421\Firmware_true\app_prj\app_demo\src\Bsp\Core" -I"D:\CreateIC\01_CPIPC\riscv\RISCV_ENC_20220421\Firmware_true\app_prj\app_demo\src\Bsp\libwrap\sys" -I"D:\CreateIC\01_CPIPC\riscv\RISCV_ENC_20220421\Firmware_true\app_prj\app_demo\src\Bsp\libwrap\stdlib" -I"D:\CreateIC\01_CPIPC\riscv\RISCV_ENC_20220421\Firmware_true\app_prj\app_demo\src\Bsp\libwrap\misc" -I"D:\CreateIC\01_CPIPC\riscv\RISCV_ENC_20220421\Firmware_true\app_prj\app_demo\src\Bsp\Driver" -std=gnu11 -MMD -MP -MF"src/Bsp/Driver/spi_flash.d" -MT"src/Bsp/Driver/spi_flash.o" -c -o "src/Bsp/Driver/spi_flash.o" "../src/Bsp/Driver/spi_flash.c"
Finished building: ../src/Bsp/Driver/spi_flash.c
 
Building file: ../src/Bsp/Driver/system.c
Invoking: GNU RISC-V Cross C Compiler
riscv-none-embed-gcc -march=rv32im -mabi=ilp32 -mcmodel=medlow -msmall-data-limit=8 -mno-save-restore -O0 -fmessage-length=0 -fsigned-char -ffunction-sections -fdata-sections -fno-common  -g -DUSE_FULL_ASSERT -I"D:\CreateIC\01_CPIPC\riscv\RISCV_ENC_20220421\Firmware_true\app_prj\app_demo\src\Bsp\Core" -I"D:\CreateIC\01_CPIPC\riscv\RISCV_ENC_20220421\Firmware_true\app_prj\app_demo\src\Bsp\libwrap\sys" -I"D:\CreateIC\01_CPIPC\riscv\RISCV_ENC_20220421\Firmware_true\app_prj\app_demo\src\Bsp\libwrap\stdlib" -I"D:\CreateIC\01_CPIPC\riscv\RISCV_ENC_20220421\Firmware_true\app_prj\app_demo\src\Bsp\libwrap\misc" -I"D:\CreateIC\01_CPIPC\riscv\RISCV_ENC_20220421\Firmware_true\app_prj\app_demo\src\Bsp\Driver" -std=gnu11 -MMD -MP -MF"src/Bsp/Driver/system.d" -MT"src/Bsp/Driver/system.o" -c -o "src/Bsp/Driver/system.o" "../src/Bsp/Driver/system.c"
Finished building: ../src/Bsp/Driver/system.c
 
Building file: ../src/Bsp/Core/start.S
Invoking: GNU RISC-V Cross Assembler
riscv-none-embed-gcc -march=rv32im -mabi=ilp32 -mcmodel=medlow -msmall-data-limit=8 -mno-save-restore -O0 -fmessage-length=0 -fsigned-char -ffunction-sections -fdata-sections -fno-common  -g -x assembler-with-cpp -I"D:\CreateIC\01_CPIPC\riscv\RISCV_ENC_20220421\Firmware_true\app_prj\app_demo\src\Bsp\libwrap\misc" -I"D:\CreateIC\01_CPIPC\riscv\RISCV_ENC_20220421\Firmware_true\app_prj\app_demo\src\Bsp\libwrap\stdlib" -I"D:\CreateIC\01_CPIPC\riscv\RISCV_ENC_20220421\Firmware_true\app_prj\app_demo\src\Bsp\libwrap\sys" -I"D:\CreateIC\01_CPIPC\riscv\RISCV_ENC_20220421\Firmware_true\app_prj\app_demo\src\Bsp\Core" -I"D:\CreateIC\01_CPIPC\riscv\RISCV_ENC_20220421\Firmware_true\app_prj\app_demo\src\Bsp\Driver" -MMD -MP -MF"src/Bsp/Core/start.d" -MT"src/Bsp/Core/start.o" -c -o "src/Bsp/Core/start.o" "../src/Bsp/Core/start.S"
Finished building: ../src/Bsp/Core/start.S
 
Building file: ../src/Bsp/Core/trap.S
Invoking: GNU RISC-V Cross Assembler
riscv-none-embed-gcc -march=rv32im -mabi=ilp32 -mcmodel=medlow -msmall-data-limit=8 -mno-save-restore -O0 -fmessage-length=0 -fsigned-char -ffunction-sections -fdata-sections -fno-common  -g -x assembler-with-cpp -I"D:\CreateIC\01_CPIPC\riscv\RISCV_ENC_20220421\Firmware_true\app_prj\app_demo\src\Bsp\libwrap\misc" -I"D:\CreateIC\01_CPIPC\riscv\RISCV_ENC_20220421\Firmware_true\app_prj\app_demo\src\Bsp\libwrap\stdlib" -I"D:\CreateIC\01_CPIPC\riscv\RISCV_ENC_20220421\Firmware_true\app_prj\app_demo\src\Bsp\libwrap\sys" -I"D:\CreateIC\01_CPIPC\riscv\RISCV_ENC_20220421\Firmware_true\app_prj\app_demo\src\Bsp\Core" -I"D:\CreateIC\01_CPIPC\riscv\RISCV_ENC_20220421\Firmware_true\app_prj\app_demo\src\Bsp\Driver" -MMD -MP -MF"src/Bsp/Core/trap.d" -MT"src/Bsp/Core/trap.o" -c -o "src/Bsp/Core/trap.o" "../src/Bsp/Core/trap.S"
Finished building: ../src/Bsp/Core/trap.S
 
Building file: ../src/Bsp/Core/trap_handle.c
Invoking: GNU RISC-V Cross C Compiler
riscv-none-embed-gcc -march=rv32im -mabi=ilp32 -mcmodel=medlow -msmall-data-limit=8 -mno-save-restore -O0 -fmessage-length=0 -fsigned-char -ffunction-sections -fdata-sections -fno-common  -g -DUSE_FULL_ASSERT -I"D:\CreateIC\01_CPIPC\riscv\RISCV_ENC_20220421\Firmware_true\app_prj\app_demo\src\Bsp\Core" -I"D:\CreateIC\01_CPIPC\riscv\RISCV_ENC_20220421\Firmware_true\app_prj\app_demo\src\Bsp\libwrap\sys" -I"D:\CreateIC\01_CPIPC\riscv\RISCV_ENC_20220421\Firmware_true\app_prj\app_demo\src\Bsp\libwrap\stdlib" -I"D:\CreateIC\01_CPIPC\riscv\RISCV_ENC_20220421\Firmware_true\app_prj\app_demo\src\Bsp\libwrap\misc" -I"D:\CreateIC\01_CPIPC\riscv\RISCV_ENC_20220421\Firmware_true\app_prj\app_demo\src\Bsp\Driver" -std=gnu11 -MMD -MP -MF"src/Bsp/Core/trap_handle.d" -MT"src/Bsp/Core/trap_handle.o" -c -o "src/Bsp/Core/trap_handle.o" "../src/Bsp/Core/trap_handle.c"
Finished building: ../src/Bsp/Core/trap_handle.c
 
Building file: ../src/main.c
Invoking: GNU RISC-V Cross C Compiler
riscv-none-embed-gcc -march=rv32im -mabi=ilp32 -mcmodel=medlow -msmall-data-limit=8 -mno-save-restore -O0 -fmessage-length=0 -fsigned-char -ffunction-sections -fdata-sections -fno-common  -g -DUSE_FULL_ASSERT -I"D:\CreateIC\01_CPIPC\riscv\RISCV_ENC_20220421\Firmware_true\app_prj\app_demo\src\Bsp\Core" -I"D:\CreateIC\01_CPIPC\riscv\RISCV_ENC_20220421\Firmware_true\app_prj\app_demo\src\Bsp\libwrap\sys" -I"D:\CreateIC\01_CPIPC\riscv\RISCV_ENC_20220421\Firmware_true\app_prj\app_demo\src\Bsp\libwrap\stdlib" -I"D:\CreateIC\01_CPIPC\riscv\RISCV_ENC_20220421\Firmware_true\app_prj\app_demo\src\Bsp\libwrap\misc" -I"D:\CreateIC\01_CPIPC\riscv\RISCV_ENC_20220421\Firmware_true\app_prj\app_demo\src\Bsp\Driver" -std=gnu11 -MMD -MP -MF"src/main.d" -MT"src/main.o" -c -o "src/main.o" "../src/main.c"
Finished building: ../src/main.c
 
Building target: app_demo.elf
Invoking: GNU RISC-V Cross C Linker
riscv-none-embed-gcc -march=rv32im -mabi=ilp32 -mcmodel=medlow -msmall-data-limit=8 -mno-save-restore -O0 -fmessage-length=0 -fsigned-char -ffunction-sections -fdata-sections -fno-common  -g -T "D:\CreateIC\01_CPIPC\riscv\RISCV_ENC_20220421\Firmware_true\app_prj\app_demo\app.ld" -nostartfiles -Xlinker --gc-sections -Wl,-Map,"app_demo.map" --specs=nano.specs -o "app_demo.elf"  ./src/Bsp/libwrap/sys/_exit.o ./src/Bsp/libwrap/sys/close.o ./src/Bsp/libwrap/sys/execve.o ./src/Bsp/libwrap/sys/fork.o ./src/Bsp/libwrap/sys/fstat.o ./src/Bsp/libwrap/sys/getpid.o ./src/Bsp/libwrap/sys/isatty.o ./src/Bsp/libwrap/sys/kill.o ./src/Bsp/libwrap/sys/link.o ./src/Bsp/libwrap/sys/lseek.o ./src/Bsp/libwrap/sys/open.o ./src/Bsp/libwrap/sys/openat.o ./src/Bsp/libwrap/sys/read.o ./src/Bsp/libwrap/sys/sbrk.o ./src/Bsp/libwrap/sys/stat.o ./src/Bsp/libwrap/sys/times.o ./src/Bsp/libwrap/sys/unlink.o ./src/Bsp/libwrap/sys/wait.o ./src/Bsp/libwrap/sys/write.o  ./src/Bsp/libwrap/stdlib/malloc.o  ./src/Bsp/libwrap/misc/write_hex.o  ./src/Bsp/Driver/hme_gpio.o ./src/Bsp/Driver/hme_iic.o ./src/Bsp/Driver/hme_plic.o ./src/Bsp/Driver/hme_spi.o ./src/Bsp/Driver/hme_timer.o ./src/Bsp/Driver/hme_uart.o ./src/Bsp/Driver/spi_flash.o ./src/Bsp/Driver/system.o  ./src/Bsp/Core/start.o ./src/Bsp/Core/trap.o ./src/Bsp/Core/trap_handle.o  ./src/main.o   
Finished building target: app_demo.elf
 
Invoking: GNU RISC-V Cross Create Flash Image
riscv-none-embed-objcopy -O ihex "app_demo.elf"  "app_demo.hex"
Finished building: app_demo.hex
 
Invoking: GNU RISC-V Cross Create Listing
riscv-none-embed-objdump --source --all-headers --demangle --line-numbers --wide "app_demo.elf" > "app_demo.lst"
Finished building: app_demo.lst
 
Invoking: GNU RISC-V Cross Print Size
riscv-none-embed-size --format=berkeley "app_demo.elf"
   text	   data	    bss	    dec	    hex	filename
  20676	   1198	 168192	 190066	  2e672	app_demo.elf
Finished building: app_demo.siz
 
17:51:51 **** Incremental Build of configuration Debug for project app_demo ****
make all 
Building file: ../src/main.c
Invoking: GNU RISC-V Cross C Compiler
riscv-none-embed-gcc -march=rv32im -mabi=ilp32 -mcmodel=medlow -msmall-data-limit=8 -mno-save-restore -O0 -fmessage-length=0 -fsigned-char -ffunction-sections -fdata-sections -fno-common  -g -DUSE_FULL_ASSERT -I"D:\CreateIC\01_CPIPC\riscv\RISCV_ENC_20220421\Firmware_true\app_prj\app_demo\src\Bsp\Core" -I"D:\CreateIC\01_CPIPC\riscv\RISCV_ENC_20220421\Firmware_true\app_prj\app_demo\src\Bsp\libwrap\sys" -I"D:\CreateIC\01_CPIPC\riscv\RISCV_ENC_20220421\Firmware_true\app_prj\app_demo\src\Bsp\libwrap\stdlib" -I"D:\CreateIC\01_CPIPC\riscv\RISCV_ENC_20220421\Firmware_true\app_prj\app_demo\src\Bsp\libwrap\misc" -I"D:\CreateIC\01_CPIPC\riscv\RISCV_ENC_20220421\Firmware_true\app_prj\app_demo\src\Bsp\Driver" -std=gnu11 -MMD -MP -MF"src/main.d" -MT"src/main.o" -c -o "src/main.o" "../src/main.c"
Finished building: ../src/main.c
 
Building target: app_demo.elf
Invoking: GNU RISC-V Cross C Linker
riscv-none-embed-gcc -march=rv32im -mabi=ilp32 -mcmodel=medlow -msmall-data-limit=8 -mno-save-restore -O0 -fmessage-length=0 -fsigned-char -ffunction-sections -fdata-sections -fno-common  -g -T "D:\CreateIC\01_CPIPC\riscv\RISCV_ENC_20220421\Firmware_true\app_prj\app_demo\app.ld" -nostartfiles -Xlinker --gc-sections -Wl,-Map,"app_demo.map" --specs=nano.specs -o "app_demo.elf"  ./src/Bsp/libwrap/sys/_exit.o ./src/Bsp/libwrap/sys/close.o ./src/Bsp/libwrap/sys/execve.o ./src/Bsp/libwrap/sys/fork.o ./src/Bsp/libwrap/sys/fstat.o ./src/Bsp/libwrap/sys/getpid.o ./src/Bsp/libwrap/sys/isatty.o ./src/Bsp/libwrap/sys/kill.o ./src/Bsp/libwrap/sys/link.o ./src/Bsp/libwrap/sys/lseek.o ./src/Bsp/libwrap/sys/open.o ./src/Bsp/libwrap/sys/openat.o ./src/Bsp/libwrap/sys/read.o ./src/Bsp/libwrap/sys/sbrk.o ./src/Bsp/libwrap/sys/stat.o ./src/Bsp/libwrap/sys/times.o ./src/Bsp/libwrap/sys/unlink.o ./src/Bsp/libwrap/sys/wait.o ./src/Bsp/libwrap/sys/write.o  ./src/Bsp/libwrap/stdlib/malloc.o  ./src/Bsp/libwrap/misc/write_hex.o  ./src/Bsp/Driver/hme_gpio.o ./src/Bsp/Driver/hme_iic.o ./src/Bsp/Driver/hme_plic.o ./src/Bsp/Driver/hme_spi.o ./src/Bsp/Driver/hme_timer.o ./src/Bsp/Driver/hme_uart.o ./src/Bsp/Driver/spi_flash.o ./src/Bsp/Driver/system.o  ./src/Bsp/Core/start.o ./src/Bsp/Core/trap.o ./src/Bsp/Core/trap_handle.o  ./src/main.o   
Finished building target: app_demo.elf
 
Invoking: GNU RISC-V Cross Create Flash Image
riscv-none-embed-objcopy -O ihex "app_demo.elf"  "app_demo.hex"
Finished building: app_demo.hex
 
Invoking: GNU RISC-V Cross Create Listing
riscv-none-embed-objdump --source --all-headers --demangle --line-numbers --wide "app_demo.elf" > "app_demo.lst"
Finished building: app_demo.lst
 
Invoking: GNU RISC-V Cross Print Size
riscv-none-embed-size --format=berkeley "app_demo.elf"
   text	   data	    bss	    dec	    hex	filename
  20676	   1198	 168192	 190066	  2e672	app_demo.elf
Finished building: app_demo.siz
 
18:02:07 **** Incremental Build of configuration Debug for project app_demo ****
make all 
Building file: ../src/main.c
Invoking: GNU RISC-V Cross C Compiler
riscv-none-embed-gcc -march=rv32im -mabi=ilp32 -mcmodel=medlow -msmall-data-limit=8 -mno-save-restore -O0 -fmessage-length=0 -fsigned-char -ffunction-sections -fdata-sections -fno-common  -g -DUSE_FULL_ASSERT -I"D:\CreateIC\01_CPIPC\riscv\RISCV_ENC_20220421\Firmware_true\app_prj\app_demo\src\Bsp\Core" -I"D:\CreateIC\01_CPIPC\riscv\RISCV_ENC_20220421\Firmware_true\app_prj\app_demo\src\Bsp\libwrap\sys" -I"D:\CreateIC\01_CPIPC\riscv\RISCV_ENC_20220421\Firmware_true\app_prj\app_demo\src\Bsp\libwrap\stdlib" -I"D:\CreateIC\01_CPIPC\riscv\RISCV_ENC_20220421\Firmware_true\app_prj\app_demo\src\Bsp\libwrap\misc" -I"D:\CreateIC\01_CPIPC\riscv\RISCV_ENC_20220421\Firmware_true\app_prj\app_demo\src\Bsp\Driver" -std=gnu11 -MMD -MP -MF"src/main.d" -MT"src/main.o" -c -o "src/main.o" "../src/main.c"
Finished building: ../src/main.c
 
Building target: app_demo.elf
Invoking: GNU RISC-V Cross C Linker
riscv-none-embed-gcc -march=rv32im -mabi=ilp32 -mcmodel=medlow -msmall-data-limit=8 -mno-save-restore -O0 -fmessage-length=0 -fsigned-char -ffunction-sections -fdata-sections -fno-common  -g -T "D:\CreateIC\01_CPIPC\riscv\RISCV_ENC_20220421\Firmware_true\app_prj\app_demo\app.ld" -nostartfiles -Xlinker --gc-sections -Wl,-Map,"app_demo.map" --specs=nano.specs -o "app_demo.elf"  ./src/Bsp/libwrap/sys/_exit.o ./src/Bsp/libwrap/sys/close.o ./src/Bsp/libwrap/sys/execve.o ./src/Bsp/libwrap/sys/fork.o ./src/Bsp/libwrap/sys/fstat.o ./src/Bsp/libwrap/sys/getpid.o ./src/Bsp/libwrap/sys/isatty.o ./src/Bsp/libwrap/sys/kill.o ./src/Bsp/libwrap/sys/link.o ./src/Bsp/libwrap/sys/lseek.o ./src/Bsp/libwrap/sys/open.o ./src/Bsp/libwrap/sys/openat.o ./src/Bsp/libwrap/sys/read.o ./src/Bsp/libwrap/sys/sbrk.o ./src/Bsp/libwrap/sys/stat.o ./src/Bsp/libwrap/sys/times.o ./src/Bsp/libwrap/sys/unlink.o ./src/Bsp/libwrap/sys/wait.o ./src/Bsp/libwrap/sys/write.o  ./src/Bsp/libwrap/stdlib/malloc.o  ./src/Bsp/libwrap/misc/write_hex.o  ./src/Bsp/Driver/hme_gpio.o ./src/Bsp/Driver/hme_iic.o ./src/Bsp/Driver/hme_plic.o ./src/Bsp/Driver/hme_spi.o ./src/Bsp/Driver/hme_timer.o ./src/Bsp/Driver/hme_uart.o ./src/Bsp/Driver/spi_flash.o ./src/Bsp/Driver/system.o  ./src/Bsp/Core/start.o ./src/Bsp/Core/trap.o ./src/Bsp/Core/trap_handle.o  ./src/main.o   
Finished building target: app_demo.elf
 
Invoking: GNU RISC-V Cross Create Flash Image
riscv-none-embed-objcopy -O ihex "app_demo.elf"  "app_demo.hex"
Finished building: app_demo.hex
 
Invoking: GNU RISC-V Cross Create Listing
riscv-none-embed-objdump --source --all-headers --demangle --line-numbers --wide "app_demo.elf" > "app_demo.lst"
Finished building: app_demo.lst
 
Invoking: GNU RISC-V Cross Print Size
riscv-none-embed-size --format=berkeley "app_demo.elf"
   text	   data	    bss	    dec	    hex	filename
  20948	   1198	 168192	 190338	  2e782	app_demo.elf
Finished building: app_demo.siz
 
19:48:49 **** Incremental Build of configuration Debug for project app_demo ****
make all 
Invoking: GNU RISC-V Cross Print Size
riscv-none-embed-size --format=berkeley "app_demo.elf"
   text	   data	    bss	    dec	    hex	filename
  20948	   1198	 168192	 190338	  2e782	app_demo.elf
Finished building: app_demo.siz
 
19:49:01 **** Incremental Build of configuration Debug for project app_demo ****
make all 
Building file: ../src/main.c
Invoking: GNU RISC-V Cross C Compiler
riscv-none-embed-gcc -march=rv32im -mabi=ilp32 -mcmodel=medlow -msmall-data-limit=8 -mno-save-restore -O0 -fmessage-length=0 -fsigned-char -ffunction-sections -fdata-sections -fno-common  -g -DUSE_FULL_ASSERT -I"D:\CreateIC\01_CPIPC\riscv\RISCV_ENC_20220421\Firmware_true\app_prj\app_demo\src\Bsp\Core" -I"D:\CreateIC\01_CPIPC\riscv\RISCV_ENC_20220421\Firmware_true\app_prj\app_demo\src\Bsp\libwrap\sys" -I"D:\CreateIC\01_CPIPC\riscv\RISCV_ENC_20220421\Firmware_true\app_prj\app_demo\src\Bsp\libwrap\stdlib" -I"D:\CreateIC\01_CPIPC\riscv\RISCV_ENC_20220421\Firmware_true\app_prj\app_demo\src\Bsp\libwrap\misc" -I"D:\CreateIC\01_CPIPC\riscv\RISCV_ENC_20220421\Firmware_true\app_prj\app_demo\src\Bsp\Driver" -std=gnu11 -MMD -MP -MF"src/main.d" -MT"src/main.o" -c -o "src/main.o" "../src/main.c"
Finished building: ../src/main.c
 
Building target: app_demo.elf
Invoking: GNU RISC-V Cross C Linker
riscv-none-embed-gcc -march=rv32im -mabi=ilp32 -mcmodel=medlow -msmall-data-limit=8 -mno-save-restore -O0 -fmessage-length=0 -fsigned-char -ffunction-sections -fdata-sections -fno-common  -g -T "D:\CreateIC\01_CPIPC\riscv\RISCV_ENC_20220421\Firmware_true\app_prj\app_demo\app.ld" -nostartfiles -Xlinker --gc-sections -Wl,-Map,"app_demo.map" --specs=nano.specs -o "app_demo.elf"  ./src/Bsp/libwrap/sys/_exit.o ./src/Bsp/libwrap/sys/close.o ./src/Bsp/libwrap/sys/execve.o ./src/Bsp/libwrap/sys/fork.o ./src/Bsp/libwrap/sys/fstat.o ./src/Bsp/libwrap/sys/getpid.o ./src/Bsp/libwrap/sys/isatty.o ./src/Bsp/libwrap/sys/kill.o ./src/Bsp/libwrap/sys/link.o ./src/Bsp/libwrap/sys/lseek.o ./src/Bsp/libwrap/sys/open.o ./src/Bsp/libwrap/sys/openat.o ./src/Bsp/libwrap/sys/read.o ./src/Bsp/libwrap/sys/sbrk.o ./src/Bsp/libwrap/sys/stat.o ./src/Bsp/libwrap/sys/times.o ./src/Bsp/libwrap/sys/unlink.o ./src/Bsp/libwrap/sys/wait.o ./src/Bsp/libwrap/sys/write.o  ./src/Bsp/libwrap/stdlib/malloc.o  ./src/Bsp/libwrap/misc/write_hex.o  ./src/Bsp/Driver/hme_gpio.o ./src/Bsp/Driver/hme_iic.o ./src/Bsp/Driver/hme_plic.o ./src/Bsp/Driver/hme_spi.o ./src/Bsp/Driver/hme_timer.o ./src/Bsp/Driver/hme_uart.o ./src/Bsp/Driver/spi_flash.o ./src/Bsp/Driver/system.o  ./src/Bsp/Core/start.o ./src/Bsp/Core/trap.o ./src/Bsp/Core/trap_handle.o  ./src/main.o   
Finished building target: app_demo.elf
 
Invoking: GNU RISC-V Cross Create Flash Image
riscv-none-embed-objcopy -O ihex "app_demo.elf"  "app_demo.hex"
Finished building: app_demo.hex
 
Invoking: GNU RISC-V Cross Create Listing
riscv-none-embed-objdump --source --all-headers --demangle --line-numbers --wide "app_demo.elf" > "app_demo.lst"
Finished building: app_demo.lst
 
Invoking: GNU RISC-V Cross Print Size
riscv-none-embed-size --format=berkeley "app_demo.elf"
   text	   data	    bss	    dec	    hex	filename
  20676	   1198	 168192	 190066	  2e672	app_demo.elf
Finished building: app_demo.siz
 
11:31:58 **** Incremental Build of configuration Debug for project app_demo ****
make all 
Building file: ../src/main.c
Invoking: GNU RISC-V Cross C Compiler
riscv-none-embed-gcc -march=rv32im -mabi=ilp32 -mcmodel=medlow -msmall-data-limit=8 -mno-save-restore -O0 -fmessage-length=0 -fsigned-char -ffunction-sections -fdata-sections -fno-common  -g -DUSE_FULL_ASSERT -I"D:\CreateIC\01_CPIPC\riscv\RISCV_ENC_20220421\Firmware_true\app_prj\app_demo\src\Bsp\Core" -I"D:\CreateIC\01_CPIPC\riscv\RISCV_ENC_20220421\Firmware_true\app_prj\app_demo\src\Bsp\libwrap\sys" -I"D:\CreateIC\01_CPIPC\riscv\RISCV_ENC_20220421\Firmware_true\app_prj\app_demo\src\Bsp\libwrap\stdlib" -I"D:\CreateIC\01_CPIPC\riscv\RISCV_ENC_20220421\Firmware_true\app_prj\app_demo\src\Bsp\libwrap\misc" -I"D:\CreateIC\01_CPIPC\riscv\RISCV_ENC_20220421\Firmware_true\app_prj\app_demo\src\Bsp\Driver" -std=gnu11 -MMD -MP -MF"src/main.d" -MT"src/main.o" -c -o "src/main.o" "../src/main.c"
Finished building: ../src/main.c
 
Building target: app_demo.elf
Invoking: GNU RISC-V Cross C Linker
riscv-none-embed-gcc -march=rv32im -mabi=ilp32 -mcmodel=medlow -msmall-data-limit=8 -mno-save-restore -O0 -fmessage-length=0 -fsigned-char -ffunction-sections -fdata-sections -fno-common  -g -T "D:\CreateIC\01_CPIPC\riscv\RISCV_ENC_20220421\Firmware_true\app_prj\app_demo\app.ld" -nostartfiles -Xlinker --gc-sections -Wl,-Map,"app_demo.map" --specs=nano.specs -o "app_demo.elf"  ./src/Bsp/libwrap/sys/_exit.o ./src/Bsp/libwrap/sys/close.o ./src/Bsp/libwrap/sys/execve.o ./src/Bsp/libwrap/sys/fork.o ./src/Bsp/libwrap/sys/fstat.o ./src/Bsp/libwrap/sys/getpid.o ./src/Bsp/libwrap/sys/isatty.o ./src/Bsp/libwrap/sys/kill.o ./src/Bsp/libwrap/sys/link.o ./src/Bsp/libwrap/sys/lseek.o ./src/Bsp/libwrap/sys/open.o ./src/Bsp/libwrap/sys/openat.o ./src/Bsp/libwrap/sys/read.o ./src/Bsp/libwrap/sys/sbrk.o ./src/Bsp/libwrap/sys/stat.o ./src/Bsp/libwrap/sys/times.o ./src/Bsp/libwrap/sys/unlink.o ./src/Bsp/libwrap/sys/wait.o ./src/Bsp/libwrap/sys/write.o  ./src/Bsp/libwrap/stdlib/malloc.o  ./src/Bsp/libwrap/misc/write_hex.o  ./src/Bsp/Driver/hme_gpio.o ./src/Bsp/Driver/hme_iic.o ./src/Bsp/Driver/hme_plic.o ./src/Bsp/Driver/hme_spi.o ./src/Bsp/Driver/hme_timer.o ./src/Bsp/Driver/hme_uart.o ./src/Bsp/Driver/spi_flash.o ./src/Bsp/Driver/system.o  ./src/Bsp/Core/start.o ./src/Bsp/Core/trap.o ./src/Bsp/Core/trap_handle.o  ./src/main.o   
Finished building target: app_demo.elf
 
Invoking: GNU RISC-V Cross Create Flash Image
riscv-none-embed-objcopy -O ihex "app_demo.elf"  "app_demo.hex"
Finished building: app_demo.hex
 
Invoking: GNU RISC-V Cross Create Listing
riscv-none-embed-objdump --source --all-headers --demangle --line-numbers --wide "app_demo.elf" > "app_demo.lst"
Finished building: app_demo.lst
 
Invoking: GNU RISC-V Cross Print Size
riscv-none-embed-size --format=berkeley "app_demo.elf"
   text	   data	    bss	    dec	    hex	filename
  20588	   1174	 168192	 189954	  2e602	app_demo.elf
Finished building: app_demo.siz
 
